Archive member included because of file (symbol)

C:\Program Files (x86)\VEX Robotics\VEXcode Pro V5\sdk/vexv5\libv5rt.a(v5_startup.c.obj)
                              (vexStartup)
C:\Program Files (x86)\VEX Robotics\VEXcode Pro V5\sdk/vexv5\libv5rt.a(v5_util.c.obj)
                              C:\Program Files (x86)\VEX Robotics\VEXcode Pro V5\sdk/vexv5\libv5rt.a(v5_startup.c.obj) (vexStdlibVersionLinked)
C:\Program Files (x86)\VEX Robotics\VEXcode Pro V5\sdk/vexv5\libv5rt.a(v5_apijump.c.obj)
                              C:\Program Files (x86)\VEX Robotics\VEXcode Pro V5\sdk/vexv5\libv5rt.a(v5_startup.c.obj) (vexPrivateApiEnable)
C:\Program Files (x86)\VEX Robotics\VEXcode Pro V5\sdk/vexv5\libv5rt.a(v5_apiversions.c.obj)
                              C:\Program Files (x86)\VEX Robotics\VEXcode Pro V5\sdk/vexv5\libv5rt.a(v5_apijump.c.obj) (vexSystemVersion)
C:\Program Files (x86)\VEX Robotics\VEXcode Pro V5\sdk/vexv5\libv5rt.a(vex_global.cpp.obj)
                              build/src/main.o (vex::wait(double, vex::timeUnits))
C:\Program Files (x86)\VEX Robotics\VEXcode Pro V5\sdk/vexv5\libv5rt.a(vex_motor.cpp.obj)
                              build/src/main.o (vex::motor::~motor())
C:\Program Files (x86)\VEX Robotics\VEXcode Pro V5\sdk/vexv5\libv5rt.a(vex_imu.cpp.obj)
                              build/src/main.o (vex::inertial::setHeading(double, vex::rotationUnits))
C:\Program Files (x86)\VEX Robotics\VEXcode Pro V5\sdk/vexv5\libv5rt.a(vex_controller.cpp.obj)
                              build/src/main.o (vex::controller::~controller())
C:\Program Files (x86)\VEX Robotics\VEXcode Pro V5\sdk/vexv5\libv5rt.a(vex_task.cpp.obj)
                              build/src/main.o (vex::task::task(int (*)()))
C:\Program Files (x86)\VEX Robotics\VEXcode Pro V5\sdk/vexv5\libv5rt.a(vex_thread.cpp.obj)
                              C:\Program Files (x86)\VEX Robotics\VEXcode Pro V5\sdk/vexv5\libv5rt.a(vex_global.cpp.obj) (vex::this_thread::sleep_for(unsigned long))
C:\Program Files (x86)\VEX Robotics\VEXcode Pro V5\sdk/vexv5\libv5rt.a(vex_event.cpp.obj)
                              C:\Program Files (x86)\VEX Robotics\VEXcode Pro V5\sdk/vexv5\libv5rt.a(vex_imu.cpp.obj) (vex::event::init(unsigned long, unsigned long, void (*)()))
C:\Program Files (x86)\VEX Robotics\VEXcode Pro V5\sdk/vexv5\libv5rt.a(vex_mevent.cpp.obj)
                              C:\Program Files (x86)\VEX Robotics\VEXcode Pro V5\sdk/vexv5\libv5rt.a(vex_controller.cpp.obj) (vex::mevent::mevent(unsigned long, unsigned long))
C:\Program Files (x86)\VEX Robotics\VEXcode Pro V5\sdk/vexv5\libv5rt.a(vex_brain.cpp.obj)
                              build/src/main.o (vex::brain::timer(vex::timeUnits))
C:\Program Files (x86)\VEX Robotics\VEXcode Pro V5\sdk/vexv5\libv5rt.a(vex_competition.cpp.obj)
                              build/src/main.o (vex::competition::competition())
C:\Program Files (x86)\VEX Robotics\VEXcode Pro V5\sdk/vexv5\libv5rt.a(vex_triport.cpp.obj)
                              C:\Program Files (x86)\VEX Robotics\VEXcode Pro V5\sdk/vexv5\libv5rt.a(vex_brain.cpp.obj) (vex::triport::~triport())
C:\Program Files (x86)\VEX Robotics\VEXcode Pro V5\sdk/vexv5\libv5rt.a(vex_color.cpp.obj)
                              C:\Program Files (x86)\VEX Robotics\VEXcode Pro V5\sdk/vexv5\libv5rt.a(vex_brain.cpp.obj) (vex::color::operator unsigned long() const)
C:\Program Files (x86)\VEX Robotics\VEXcode Pro V5\sdk/vexv5\libv5rt.a(vex_timer.cpp.obj)
                              C:\Program Files (x86)\VEX Robotics\VEXcode Pro V5\sdk/vexv5\libv5rt.a(vex_brain.cpp.obj) (vex::timer::~timer())
C:\Program Files (x86)\VEX Robotics\VEXcode Pro V5\sdk/vexv5\libv5rt.a(vex_motorgroup.cpp.obj)
                              build/src/main.o (vex::motor_group::motor_group_motors::motor_group_motors(vex::motor_group::motor_group_motors const&))
C:\Program Files (x86)\VEX Robotics\VEXcode Pro V5\sdk/vexv5\libv5rt.a(v5_apiuser.c.obj)
                              C:\Program Files (x86)\VEX Robotics\VEXcode Pro V5\sdk/vexv5\libv5rt.a(vex_triport.cpp.obj) (vexAdiPortConfigSet)
C:\Program Files (x86)\VEX Robotics\VEXcode Pro V5\sdk/vexv5\libv5rt.a(vex_device.cpp.obj)
                              C:\Program Files (x86)\VEX Robotics\VEXcode Pro V5\sdk/vexv5\libv5rt.a(vex_motor.cpp.obj) (vex::device::~device())
C:\Program Files (x86)\VEX Robotics\VEXcode Pro V5\sdk/vexv5/gcc/libs\libstdc++.a(fstream-inst.o)
                              build/include/tracking/logger.o (VTT for std::basic_ofstream<char, std::char_traits<char> >)
C:\Program Files (x86)\VEX Robotics\VEXcode Pro V5\sdk/vexv5/gcc/libs\libstdc++.a(eh_exception.o)
                              C:\Program Files (x86)\VEX Robotics\VEXcode Pro V5\sdk/vexv5/gcc/libs\libstdc++.a(fstream-inst.o) (typeinfo for __cxxabiv1::__forced_unwind)
C:\Program Files (x86)\VEX Robotics\VEXcode Pro V5\sdk/vexv5/gcc/libs\libstdc++.a(si_class_type_info.o)
[...]
Memory Configuration

Name             Origin             Length             Attributes
ps7_ddr_0_S_AXI_BASEADDR 0x03800000         0x04800000
*default*        0x00000000         0xffffffff

Linker script and memory map

                0x00002000                _STACK_SIZE = DEFINED (_STACK_SIZE)?_STACK_SIZE:0x2000
                0x00100000                _HEAP_SIZE = DEFINED (_HEAP_SIZE)?_HEAP_SIZE:0x100000
                0x00000400                _ABORT_STACK_SIZE = DEFINED (_ABORT_STACK_SIZE)?_ABORT_STACK_SIZE:0x400
                0x00000800                _SUPERVISOR_STACK_SIZE = DEFINED (_SUPERVISOR_STACK_SIZE)?_SUPERVISOR_STACK_SIZE:0x800
                0x00000400                _IRQ_STACK_SIZE = DEFINED (_IRQ_STACK_SIZE)?_IRQ_STACK_SIZE:0x400
                0x00000400                _FIQ_STACK_SIZE = DEFINED (_FIQ_STACK_SIZE)?_FIQ_STACK_SIZE:0x400
                0x00000400                _UNDEF_STACK_SIZE = DEFINED (_UNDEF_STACK_SIZE)?_UNDEF_STACK_SIZE:0x400

.text           0x03800000     0xaa80
 *(.vectors)
 *(.boot_data)
 .boot_data     0x03800000       0x20 C:\Program Files (x86)\VEX Robotics\VEXcode Pro V5\sdk/vexv5\libv5rt.a(v5_startup.c.obj)
                0x03800000                vexCodeSig
                0x00000020                . = 0x20
 *(.boot)
 .boot          0x03800020       0xbc C:\Program Files (x86)\VEX Robotics\VEXcode Pro V5\sdk/vexv5\libv5rt.a(v5_startup.c.obj)
                0x03800020                vexStartup
                0x03800100                . = ALIGN (0x40)
 *fill*         0x038000dc       0x24 
 *(.freertos_vectors)
 *(.text)
 *(.text.*)
 .text._ZN3vex11motor_groupC2IJNS_5motorES2_S2_EEERS2_DpRT_
                0x03800100       0x50 build/src/main.o
                0x03800100                vex::motor_group::motor_group<vex::motor, vex::motor, vex::motor>(vex::motor&, vex::motor&, vex::motor&, vex::motor&)
 .text._Z11setupMotorsv
                0x03800150       0x5c build/src/main.o
                0x03800150                setupMotors()
 .text._Z13resetEncodersv
                0x038001ac       0x68 build/src/main.o
                0x038001ac                resetEncoders()
 .text._Z7setSideN3vex11motor_groupEdNS_13velocityUnitsE
                0x03800214       0x64 build/src/main.o
                0x03800214                setSide(vex::motor_group, double, vex::velocityUnits)
 .text._Z17drawLoadingScreenv
                0x03800278       0x4c build/src/main.o
                0x03800278                drawLoadingScreen()
 .text._ZN9NavigatorD2Ev
                0x038002c4       0x24 build/src/main.o
                0x038002c4                Navigator::~Navigator()
 .text._ZN3LogD2Ev
                0x038002e8        0x4 build/src/main.o
                0x038002e8                Log::~Log()
 *fill*         0x038002ec        0x4 
 .text._Z9isJammingv
                0x038002f0       0x78 build/src/main.o
                0x038002f0                isJamming()
 .text._Z4firev
                0x03800368       0x98 build/src/main.o
                0x03800368                fire()
 .text._Z5trackv
                0x03800400      0x2b8 build/src/main.o
                0x03800400                track()
 .text._ZN9Navigator19shiftLocationGlobalE8Vector2ddb
                0x038006b8       0x94 build/src/main.o
                0x038006b8                Navigator::shiftLocationGlobal(Vector2d, double, bool)
 *fill*         0x0380074c        0x4 
 .text._ZN9Navigator14updateTrackingEd
                0x03800750      0x8e8 build/src/main.o
                0x03800750                Navigator::updateTracking(double)
 .text._ZN5Robot22updateTargetVelocitiesEd
                0x03801038      0x5b8 build/src/main.o
                0x03801038                Robot::updateTargetVelocities(double)
 .text._ZN9TankDrive12updateMotorsEv
                0x038015f0      0x158 build/src/main.o
                0x038015f0                TankDrive::updateMotors()
 .text._Z14trakerFunctionv
                0x03801748      0x508 build/src/main.o
                0x03801748                trakerFunction()
 .text._ZN5Robot6isDoneEv
                0x03801c50       0xa0 build/src/main.o
                0x03801c50                Robot::isDone()
 .text._Z11executeMovev
                0x03801cf0       0x50 build/src/main.o
                0x03801cf0                executeMove()
 .text._Z1ai    0x03801d40      0xb70 build/src/main.o
                0x03801d40                a(int)
 .text._ZN9Navigator6turnToEdb
                0x038028b0       0x68 build/src/main.o
                0x038028b0                Navigator::turnTo(double, bool)
 .text._ZN9Navigator12setAbsTargetE8Vector2d
                0x03802918       0x5c build/src/main.o
                0x03802918                Navigator::setAbsTarget(Vector2d)
 *fill*         0x03802974        0x4 
 .text._ZN9Navigator12setAbsTargetE7Point2d
                0x03802978       0xd8 build/src/main.o
                0x03802978                Navigator::setAbsTarget(Point2d)
 .text._Z6skillsi
                0x03802a50      0x3a0 build/src/main.o
                0x03802a50                skills(int)
 .text.__cxx_global_array_dtor
                0x03802df0       0x2c build/src/main.o
 .text._Z13increaseIndexv
                0x03802e1c       0x20 build/src/main.o
                0x03802e1c                increaseIndex()
 .text._Z7drawAAAiiiib
                0x03802e3c       0xf0 build/src/main.o
                0x03802e3c                drawAAA(int, int, int, int, bool)
 .text._Z13decreaseIndexv
                0x03802f2c       0x1c build/src/main.o
                0x03802f2c                decreaseIndex()
 .text._Z7drawAABiiiib
                0x03802f48       0xf0 build/src/main.o
                0x03802f48                drawAAB(int, int, int, int, bool)
 .text._Z7setAutov
                0x03803038       0x14 build/src/main.o
                0x03803038                setAuto()
 .text._Z7drawAACiiiib
                0x0380304c       0xe0 build/src/main.o
                0x0380304c                drawAAC(int, int, int, int, bool)
 .text._Z12pressHandlerv
                0x0380312c      0x138 build/src/main.o
                0x0380312c                pressHandler()
 *fill*         0x03803264        0x4 
 .text._Z15BrainGUIProgramv
                0x03803268      0x230 build/src/main.o
                0x03803268                BrainGUIProgram()
 .text._Z10autonomousv
                0x03803498      0x10c build/src/main.o
                0x03803498                autonomous()
 .text._ZN9Navigator14setStartingPosE7Point2ddb
                0x038035a4       0xbc build/src/main.o
                0x038035a4                Navigator::setStartingPos(Point2d, double, bool)
 .text._Z23updateControllerDisplayv
                0x03803660      0x190 build/src/main.o
                0x03803660                updateControllerDisplay()
 .text._Z15flywheelControlv
                0x038037f0      0x168 build/src/main.o
                0x038037f0                flywheelControl()
 .text._Z12toggleIntakev
                0x03803958      0x110 build/src/main.o
                0x03803958                toggleIntake()
 .text._Z11driverInputd
                0x03803a68       0xd0 build/src/main.o
                0x03803a68                driverInput(double)
 .text._Z17tankDriveStandardv
                0x03803b38       0xd0 build/src/main.o
                0x03803b38                tankDriveStandard()
 .text._Z14triggerEndgameb
                0x03803c08      0x138 build/src/main.o
                0x03803c08                triggerEndgame(bool)
 .text._Z11usercontrolv
                0x03803d40      0x250 build/src/main.o
                0x03803d40                usercontrol()
 .text._Z9pre_autonv
                0x03803f90      0x238 build/src/main.o
                0x03803f90                pre_auton()
 .text.main     0x038041c8       0x68 build/src/main.o
                0x038041c8                main
 .text._ZN5RobotC2E12robotProfile
                0x03804230      0x120 build/src/main.o
                0x03804230                Robot::Robot(robotProfile)
 .text._ZN9NavigatorC2Eddddddd
                0x03804350      0x270 build/src/main.o
                0x03804350                Navigator::Navigator(double, double, double, double, double, double, double)
 .text._ZN9Navigator13getLocalErrorEv
                0x038045c0       0x70 build/src/main.o
                0x038045c0                Navigator::getLocalError()
 .text._ZN9Navigator20getReverseLocalErrorEv
                0x03804630       0x78 build/src/main.o
                0x03804630                Navigator::getReverseLocalError()
 .text._ZN9Navigator17getNextLocalErrorEv
                0x038046a8       0x78 build/src/main.o
                0x038046a8                Navigator::getNextLocalError()
 .text._ZN9Navigator28getTranslationalLocalHeadingEv
                0x03804720       0x60 build/src/main.o
                0x03804720                Navigator::getTranslationalLocalHeading()
 .text._ZN9Navigator18setSinglePointPathE11positionSetb
                0x03804780      0x110 build/src/main.o
                0x03804780                Navigator::setSinglePointPath(positionSet, bool)
 .text._ZNSt6vectorI11positionSetSaIS0_EE19_M_emplace_back_auxIJRKS0_EEEvDpOT_
                0x03804890       0xac build/src/main.o
                0x03804890                void std::vector<positionSet, std::allocator<positionSet> >::_M_emplace_back_aux<positionSet const&>(positionSet const&)
 .text._ZNKSt6vectorI11positionSetSaIS0_EE12_M_check_lenEjPKc
                0x0380493c       0x64 build/src/main.o
                0x0380493c                std::vector<positionSet, std::allocator<positionSet> >::_M_check_len(unsigned int, char const*) const
 .text._ZNSt12_Vector_baseI11positionSetSaIS0_EE11_M_allocateEj
                0x038049a0       0x3c build/src/main.o
                0x038049a0                std::_Vector_base<positionSet, std::allocator<positionSet> >::_M_allocate(unsigned int)
 *fill*         0x038049dc        0x4 
 .text._ZN9Navigator12setRelTargetE8Vector2d
                0x038049e0       0xd0 build/src/main.o
                0x038049e0                Navigator::setRelTarget(Vector2d)
 .text._GLOBAL__sub_I_main.cpp
                0x03804ab0      0x978 build/src/main.o
 .text._Z10replaceStrSsRKSsS0_
                0x03805428       0xa4 build/include/tracking/logger.o
                0x03805428                replaceStr(std::string, std::string const&, std::string const&)
 .text._ZN3Log11formatInputERSs
                0x038054cc      0x140 build/include/tracking/logger.o
                0x038054cc                Log::formatInput(std::string&)
 .text._ZN3LogC2Eb
                0x0380560c       0x3c build/include/tracking/logger.o
                0x0380560c                Log::Log(bool)
                0x0380560c                Log::Log(bool)
 .text._ZN3Log4saveEPKcb
                0x03805648       0xc4 build/include/tracking/logger.o
                0x03805648                Log::save(char const*, bool)
 .text._ZN3Log6appendEPKcb
                0x0380570c       0xb4 build/include/tracking/logger.o
                0x0380570c                Log::append(char const*, bool)
 .text._ZN3Log4metaESsSs
                0x038057c0       0xd0 build/include/tracking/logger.o
                0x038057c0                Log::meta(std::string, std::string)
 .text._ZN3Log7logTimeEd
                0x03805890       0xb8 build/include/tracking/logger.o
                0x03805890                Log::logTime(double)
 .text._ZN3Log10logTimeoutESsiiii
                0x03805948       0xd8 build/include/tracking/logger.o
                0x03805948                Log::logTimeout(std::string, int, int, int, int)
 .text._ZN3Log11logPointSetESs11positionSet
                0x03805a20       0xf8 build/include/tracking/logger.o
                0x03805a20                Log::logPointSet(std::string, positionSet)
 .text._ZN3Log6statusESsbi
                0x03805b18       0xc8 build/include/tracking/logger.o
                0x03805b18                Log::status(std::string, bool, int)
 .text._ZN3Log6statusESsdi
                0x03805be0       0xd0 build/include/tracking/logger.o
                0x03805be0                Log::status(std::string, double, int)
 .text._ZN3Log4infoESsSs
                0x03805cb0       0xd0 build/include/tracking/logger.o
                0x03805cb0                Log::info(std::string, std::string)
 .text._ZN3Log7warningESsSs
                0x03805d80       0xd0 build/include/tracking/logger.o
                0x03805d80                Log::warning(std::string, std::string)
 .text._GLOBAL__sub_I_logger.cpp
                0x03805e50       0x34 build/include/tracking/logger.o
 .text._Z4signd
                0x03805e84       0x20 build/include/tracking/robotmath.o
                0x03805e84                sign(double)
 *fill*         0x03805ea4        0x4 
 .text._Z8degToRadd
                0x03805ea8       0x20 build/include/tracking/robotmath.o
                0x03805ea8                degToRad(double)
 .text._Z8radToDegd
                0x03805ec8       0x20 build/include/tracking/robotmath.o
                0x03805ec8                radToDeg(double)
 .text._Z14normalizeAngledb
                0x03805ee8       0x68 build/include/tracking/robotmath.o
                0x03805ee8                normalizeAngle(double, bool)
 .text._Z19shortestArcToTargetddb
                0x03805f50       0xf8 build/include/tracking/robotmath.o
                0x03805f50                shortestArcToTarget(double, double, bool)
 .text._ZN7Point2dC2Edd
                0x03806048       0x18 build/include/tracking/robotmath.o
                0x03806048                Point2d::Point2d(double, double)
                0x03806048                Point2d::Point2d(double, double)
 .text._ZN8Vector2dC2Edd
                0x03806060       0x18 build/include/tracking/robotmath.o
                0x03806060                Vector2d::Vector2d(double, double)
                0x03806060                Vector2d::Vector2d(double, double)
 .text._ZN8Vector2dC2E7Point2dS0_
                0x03806078       0x44 build/include/tracking/robotmath.o
                0x03806078                Vector2d::Vector2d(Point2d, Point2d)
                0x03806078                Vector2d::Vector2d(Point2d, Point2d)
 *fill*         0x038060bc        0x4 
 .text._ZN8Vector2dC2Eddb
                0x038060c0       0x78 build/include/tracking/robotmath.o
                0x038060c0                Vector2d::Vector2d(double, double, bool)
                0x038060c0                Vector2d::Vector2d(double, double, bool)
 .text._ZN8Vector2d4getXEv
                0x03806138        0xc build/include/tracking/robotmath.o
                0x03806138                Vector2d::getX()
 .text._ZN8Vector2d4getYEv
                0x03806144        0xc build/include/tracking/robotmath.o
                0x03806144                Vector2d::getY()
 .text._ZN8Vector2d12getMagnitudeEv
                0x03806150       0x2c build/include/tracking/robotmath.o
                0x03806150                Vector2d::getMagnitude()
 .text._ZN8Vector2d3dotES_
                0x0380617c       0x20 build/include/tracking/robotmath.o
                0x0380617c                Vector2d::dot(Vector2d)
 .text._ZN8Vector2d8getAngleES_
                0x0380619c      0x120 build/include/tracking/robotmath.o
                0x0380619c                Vector2d::getAngle(Vector2d)
 .text._ZN8Vector2d5scaleEd
                0x038062bc       0x18 build/include/tracking/robotmath.o
                0x038062bc                Vector2d::scale(double)
 .text._ZN8Vector2d13getUnitVectorEv
                0x038062d4       0xc4 build/include/tracking/robotmath.o
                0x038062d4                Vector2d::getUnitVector()
 .text._ZN8Vector2d16getRotatedVectorEdb
                0x03806398       0xe0 build/include/tracking/robotmath.o
                0x03806398                Vector2d::getRotatedVector(double, bool)
 .text._ZN8Vector2dplERKS_
                0x03806478       0x18 build/include/tracking/robotmath.o
                0x03806478                Vector2d::operator+(Vector2d const&)
 .text._ZN8Vector2dmiERKS_
                0x03806490       0x18 build/include/tracking/robotmath.o
                0x03806490                Vector2d::operator-(Vector2d const&)
 .text._ZN8Vector2dplER7Point2d
                0x038064a8       0x18 build/include/tracking/robotmath.o
                0x038064a8                Vector2d::operator+(Point2d&)
 .text.vexMain  0x038064c0       0xb0 C:\Program Files (x86)\VEX Robotics\VEXcode Pro V5\sdk/vexv5\libv5rt.a(v5_startup.c.obj)
                0x038064c0                vexMain
 .text.__vex_function_prolog
                0x03806570       0x18 C:\Program Files (x86)\VEX Robotics\VEXcode Pro V5\sdk/vexv5\libv5rt.a(v5_startup.c.obj)
                0x03806570                __vex_function_prolog
 .text._init    0x03806588        0x4 C:\Program Files (x86)\VEX Robotics\VEXcode Pro V5\sdk/vexv5\libv5rt.a(v5_startup.c.obj)
                0x03806588                _init
 .text._fini    0x0380658c        0x4 C:\Program Files (x86)\VEX Robotics\VEXcode Pro V5\sdk/vexv5\libv5rt.a(v5_startup.c.obj)
                0x0380658c                _fini
 .text.vexStdlibVersionLinked
                0x03806590        0xc C:\Program Files (x86)\VEX Robotics\VEXcode Pro V5\sdk/vexv5\libv5rt.a(v5_util.c.obj)
                0x03806590                vexStdlibVersionLinked
 .text.vexStdlibVersionVerify
                0x0380659c       0x30 C:\Program Files (x86)\VEX Robotics\VEXcode Pro V5\sdk/vexv5\libv5rt.a(v5_util.c.obj)
                0x0380659c                vexStdlibVersionVerify
 .text.vexPrivateApiEnable
                0x038065cc       0x10 C:\Program Files (x86)\VEX Robotics\VEXcode Pro V5\sdk/vexv5\libv5rt.a(v5_apijump.c.obj)
                0x038065cc                vexPrivateApiEnable
 .text.vexStdlibMismatchError
                0x038065dc       0x3c C:\Program Files (x86)\VEX Robotics\VEXcode Pro V5\sdk/vexv5\libv5rt.a(v5_apijump.c.obj)
                0x038065dc                vexStdlibMismatchError
 .text.vexScratchMemoryPtr
                0x03806618       0x30 C:\Program Files (x86)\VEX Robotics\VEXcode Pro V5\sdk/vexv5\libv5rt.a(v5_apijump.c.obj)
                0x03806618                vexScratchMemoryPtr
 .text.vexTaskAdd
                0x03806648       0x10 C:\Program Files (x86)\VEX Robotics\VEXcode Pro V5\sdk/vexv5\libv5rt.a(v5_apijump.c.obj)
                0x03806648                vexTaskAdd
 .text.vexTasksRun
                0x03806658       0x10 C:\Program Files (x86)\VEX Robotics\VEXcode Pro V5\sdk/vexv5\libv5rt.a(v5_apijump.c.obj)
                0x03806658                vexTasksRun
 .text.vexTaskYield
                0x03806668       0x10 C:\Program Files (x86)\VEX Robotics\VEXcode Pro V5\sdk/vexv5\libv5rt.a(v5_apijump.c.obj)
                0x03806668                vexTaskYield
 .text.vexTaskCheckTimeslice
                0x03806678       0x10 C:\Program Files (x86)\VEX Robotics\VEXcode Pro V5\sdk/vexv5\libv5rt.a(v5_apijump.c.obj)
                0x03806678                vexTaskCheckTimeslice
 .text.vexTaskSleep
                0x03806688       0x10 C:\Program Files (x86)\VEX Robotics\VEXcode Pro V5\sdk/vexv5\libv5rt.a(v5_apijump.c.obj)
                0x03806688                vexTaskSleep
 .text.vexTasksDump
                0x03806698       0x1c C:\Program Files (x86)\VEX Robotics\VEXcode Pro V5\sdk/vexv5\libv5rt.a(v5_apijump.c.obj)
                0x03806698                vexTasksDump
 .text.vexTaskGetTaskIndex
                0x038066b4       0x10 C:\Program Files (x86)\VEX Robotics\VEXcode Pro V5\sdk/vexv5\libv5rt.a(v5_apijump.c.obj)
                0x038066b4                vexTaskGetTaskIndex
 .text.vexTaskStopAll
                0x038066c4       0x10 C:\Program Files (x86)\VEX Robotics\VEXcode Pro V5\sdk/vexv5\libv5rt.a(v5_apijump.c.obj)
                0x038066c4                vexTaskStopAll
 .text.vexTaskRemoveAllUser
                0x038066d4       0x34 C:\Program Files (x86)\VEX Robotics\VEXcode Pro V5\sdk/vexv5\libv5rt.a(v5_apijump.c.obj)
                0x038066d4                vexTaskRemoveAllUser
 .text.vexTaskCompletionIdSet
                0x03806708       0x10 C:\Program Files (x86)\VEX Robotics\VEXcode Pro V5\sdk/vexv5\libv5rt.a(v5_apijump.c.obj)
                0x03806708                vexTaskCompletionIdSet
 .text.vexTaskStopWithId
                0x03806718       0x10 C:\Program Files (x86)\VEX Robotics\VEXcode Pro V5\sdk/vexv5\libv5rt.a(v5_apijump.c.obj)
                0x03806718                vexTaskStopWithId
 .text.vexCriticalSection
                0x03806728       0x2c C:\Program Files (x86)\VEX Robotics\VEXcode Pro V5\sdk/vexv5\libv5rt.a(v5_apijump.c.obj)
                0x03806728                vexCriticalSection
 .text.vexEventAdd
                0x03806754       0x34 C:\Program Files (x86)\VEX Robotics\VEXcode Pro V5\sdk/vexv5\libv5rt.a(v5_apijump.c.obj)
                0x03806754                vexEventAdd
 .text.vexEventUserIndexGet
                0x03806788       0x1c C:\Program Files (x86)\VEX Robotics\VEXcode Pro V5\sdk/vexv5\libv5rt.a(v5_apijump.c.obj)
                0x03806788                vexEventUserIndexGet
 .text.vexEventAddWithArg
                0x038067a4       0x3c C:\Program Files (x86)\VEX Robotics\VEXcode Pro V5\sdk/vexv5\libv5rt.a(v5_apijump.c.obj)
                0x038067a4                vexEventAddWithArg
 .text.vexEventsCleanup
                0x038067e0       0x2c C:\Program Files (x86)\VEX Robotics\VEXcode Pro V5\sdk/vexv5\libv5rt.a(v5_apijump.c.obj)
                0x038067e0                vexEventsCleanup
 .text.vexDebug
                0x0380680c       0x38 C:\Program Files (x86)\VEX Robotics\VEXcode Pro V5\sdk/vexv5\libv5rt.a(v5_apijump.c.obj)
                0x0380680c                vexDebug
 .text.vex_sprintf
                0x03806844       0x40 C:\Program Files (x86)\VEX Robotics\VEXcode Pro V5\sdk/vexv5\libv5rt.a(v5_apijump.c.obj)
                0x03806844                vex_sprintf
 .text.vex_vsnprintf
                0x03806884       0x3c C:\Program Files (x86)\VEX Robotics\VEXcode Pro V5\sdk/vexv5\libv5rt.a(v5_apijump.c.obj)
                0x03806884                vex_vsnprintf
 .text.vexSystemTimeGet
                0x038068c0       0x1c C:\Program Files (x86)\VEX Robotics\VEXcode Pro V5\sdk/vexv5\libv5rt.a(v5_apijump.c.obj)
                0x038068c0                vexSystemTimeGet
 .text.vexSystemExitRequest
                0x038068dc       0x1c C:\Program Files (x86)\VEX Robotics\VEXcode Pro V5\sdk/vexv5\libv5rt.a(v5_apijump.c.obj)
                0x038068dc                vexSystemExitRequest
 .text.vexDeviceGetByIndex
                0x038068f8       0x24 C:\Program Files (x86)\VEX Robotics\VEXcode Pro V5\sdk/vexv5\libv5rt.a(v5_apijump.c.obj)
                0x038068f8                vexDeviceGetByIndex
 .text.vexControllerGet
                0x0380691c       0x2c C:\Program Files (x86)\VEX Robotics\VEXcode Pro V5\sdk/vexv5\libv5rt.a(v5_apijump.c.obj)
                0x0380691c                vexControllerGet
 .text.vexControllerTextSet
                0x03806948       0x74 C:\Program Files (x86)\VEX Robotics\VEXcode Pro V5\sdk/vexv5\libv5rt.a(v5_apijump.c.obj)
                0x03806948                vexControllerTextSet
 .text.vexDeviceAdiPortConfigSet
                0x038069bc       0x34 C:\Program Files (x86)\VEX Robotics\VEXcode Pro V5\sdk/vexv5\libv5rt.a(v5_apijump.c.obj)
                0x038069bc                vexDeviceAdiPortConfigSet
 .text.vexDeviceAdiPortConfigGet
                0x038069f0       0x2c C:\Program Files (x86)\VEX Robotics\VEXcode Pro V5\sdk/vexv5\libv5rt.a(v5_apijump.c.obj)
                0x038069f0                vexDeviceAdiPortConfigGet
 .text.vexDeviceAdiValueSet
                0x03806a1c       0x34 C:\Program Files (x86)\VEX Robotics\VEXcode Pro V5\sdk/vexv5\libv5rt.a(v5_apijump.c.obj)
                0x03806a1c                vexDeviceAdiValueSet
 .text.vexDeviceAdiValueGet
                0x03806a50       0x2c C:\Program Files (x86)\VEX Robotics\VEXcode Pro V5\sdk/vexv5\libv5rt.a(v5_apijump.c.obj)
                0x03806a50                vexDeviceAdiValueGet
 .text.vexDeviceMotorVelocitySet
                0x03806a7c       0x2c C:\Program Files (x86)\VEX Robotics\VEXcode Pro V5\sdk/vexv5\libv5rt.a(v5_apijump.c.obj)
                0x03806a7c                vexDeviceMotorVelocitySet
 .text.vexDeviceMotorVelocityGet
                0x03806aa8       0x24 C:\Program Files (x86)\VEX Robotics\VEXcode Pro V5\sdk/vexv5\libv5rt.a(v5_apijump.c.obj)
                0x03806aa8                vexDeviceMotorVelocityGet
 .text.vexDeviceMotorActualVelocityGet
                0x03806acc       0x24 C:\Program Files (x86)\VEX Robotics\VEXcode Pro V5\sdk/vexv5\libv5rt.a(v5_apijump.c.obj)
                0x03806acc                vexDeviceMotorActualVelocityGet
 .text.vexDeviceMotorModeGet
                0x03806af0       0x24 C:\Program Files (x86)\VEX Robotics\VEXcode Pro V5\sdk/vexv5\libv5rt.a(v5_apijump.c.obj)
                0x03806af0                vexDeviceMotorModeGet
 .text.vexDeviceMotorTorqueGet
                0x03806b14       0x24 C:\Program Files (x86)\VEX Robotics\VEXcode Pro V5\sdk/vexv5\libv5rt.a(v5_apijump.c.obj)
                0x03806b14                vexDeviceMotorTorqueGet
 .text.vexDeviceMotorTemperatureGet
                0x03806b38       0x24 C:\Program Files (x86)\VEX Robotics\VEXcode Pro V5\sdk/vexv5\libv5rt.a(v5_apijump.c.obj)
                0x03806b38                vexDeviceMotorTemperatureGet
 .text.vexDeviceMotorZeroPositionFlagGet
                0x03806b5c       0x24 C:\Program Files (x86)\VEX Robotics\VEXcode Pro V5\sdk/vexv5\libv5rt.a(v5_apijump.c.obj)
                0x03806b5c                vexDeviceMotorZeroPositionFlagGet
 .text.vexDeviceMotorReverseFlagSet
                0x03806b80       0x2c C:\Program Files (x86)\VEX Robotics\VEXcode Pro V5\sdk/vexv5\libv5rt.a(v5_apijump.c.obj)
                0x03806b80                vexDeviceMotorReverseFlagSet
 .text.vexDeviceMotorEncoderUnitsSet
                0x03806bac       0x2c C:\Program Files (x86)\VEX Robotics\VEXcode Pro V5\sdk/vexv5\libv5rt.a(v5_apijump.c.obj)
                0x03806bac                vexDeviceMotorEncoderUnitsSet
 .text.vexDeviceMotorBrakeModeSet
                0x03806bd8       0x2c C:\Program Files (x86)\VEX Robotics\VEXcode Pro V5\sdk/vexv5\libv5rt.a(v5_apijump.c.obj)
                0x03806bd8                vexDeviceMotorBrakeModeSet
 .text.vexDeviceMotorPositionSet
                0x03806c04       0x34 C:\Program Files (x86)\VEX Robotics\VEXcode Pro V5\sdk/vexv5\libv5rt.a(v5_apijump.c.obj)
                0x03806c04                vexDeviceMotorPositionSet
 .text.vexDeviceMotorAbsoluteTargetSet
                0x03806c38       0x3c C:\Program Files (x86)\VEX Robotics\VEXcode Pro V5\sdk/vexv5\libv5rt.a(v5_apijump.c.obj)
                0x03806c38                vexDeviceMotorAbsoluteTargetSet
 .text.vexDeviceMotorRelativeTargetSet
                0x03806c74       0x3c C:\Program Files (x86)\VEX Robotics\VEXcode Pro V5\sdk/vexv5\libv5rt.a(v5_apijump.c.obj)
                0x03806c74                vexDeviceMotorRelativeTargetSet
 .text.vexDeviceMotorGearingSet
                0x03806cb0       0x2c C:\Program Files (x86)\VEX Robotics\VEXcode Pro V5\sdk/vexv5\libv5rt.a(v5_apijump.c.obj)
                0x03806cb0                vexDeviceMotorGearingSet
 .text.vexDeviceMotorGearingGet
                0x03806cdc       0x24 C:\Program Files (x86)\VEX Robotics\VEXcode Pro V5\sdk/vexv5\libv5rt.a(v5_apijump.c.obj)
                0x03806cdc                vexDeviceMotorGearingGet
 .text.vexDeviceImuReset
                0x03806d00       0x24 C:\Program Files (x86)\VEX Robotics\VEXcode Pro V5\sdk/vexv5\libv5rt.a(v5_apijump.c.obj)
                0x03806d00                vexDeviceImuReset
 .text.vexDeviceImuHeadingGet
                0x03806d24       0x24 C:\Program Files (x86)\VEX Robotics\VEXcode Pro V5\sdk/vexv5\libv5rt.a(v5_apijump.c.obj)
                0x03806d24                vexDeviceImuHeadingGet
 .text.vexDeviceImuDegreesGet
                0x03806d48       0x24 C:\Program Files (x86)\VEX Robotics\VEXcode Pro V5\sdk/vexv5\libv5rt.a(v5_apijump.c.obj)
                0x03806d48                vexDeviceImuDegreesGet
 .text.vexDeviceImuStatusGet
                0x03806d6c       0x24 C:\Program Files (x86)\VEX Robotics\VEXcode Pro V5\sdk/vexv5\libv5rt.a(v5_apijump.c.obj)
                0x03806d6c                vexDeviceImuStatusGet
 .text.vexDisplayForegroundColor
                0x03806d90       0x24 C:\Program Files (x86)\VEX Robotics\VEXcode Pro V5\sdk/vexv5\libv5rt.a(v5_apijump.c.obj)
                0x03806d90                vexDisplayForegroundColor
 .text.vexDisplayBackgroundColor
                0x03806db4       0x24 C:\Program Files (x86)\VEX Robotics\VEXcode Pro V5\sdk/vexv5\libv5rt.a(v5_apijump.c.obj)
                0x03806db4                vexDisplayBackgroundColor
 .text.vexDisplayBackgroundColorGet
                0x03806dd8       0x1c C:\Program Files (x86)\VEX Robotics\VEXcode Pro V5\sdk/vexv5\libv5rt.a(v5_apijump.c.obj)
                0x03806dd8                vexDisplayBackgroundColorGet
 .text.vexDisplayCopyRect
                0x03806df4       0x5c C:\Program Files (x86)\VEX Robotics\VEXcode Pro V5\sdk/vexv5\libv5rt.a(v5_apijump.c.obj)
                0x03806df4                vexDisplayCopyRect
 .text.vexDisplayPixelSet
                0x03806e50       0x38 C:\Program Files (x86)\VEX Robotics\VEXcode Pro V5\sdk/vexv5\libv5rt.a(v5_apijump.c.obj)
                0x03806e50                vexDisplayPixelSet
 .text.vexDisplayLineDraw
                0x03806e88       0x4c C:\Program Files (x86)\VEX Robotics\VEXcode Pro V5\sdk/vexv5\libv5rt.a(v5_apijump.c.obj)
                0x03806e88                vexDisplayLineDraw
 .text.vexDisplayRectDraw
                0x03806ed4       0x4c C:\Program Files (x86)\VEX Robotics\VEXcode Pro V5\sdk/vexv5\libv5rt.a(v5_apijump.c.obj)
                0x03806ed4                vexDisplayRectDraw
 .text.vexDisplayRectClear
                0x03806f20       0x4c C:\Program Files (x86)\VEX Robotics\VEXcode Pro V5\sdk/vexv5\libv5rt.a(v5_apijump.c.obj)
                0x03806f20                vexDisplayRectClear
 .text.vexDisplayCircleDraw
                0x03806f6c       0x40 C:\Program Files (x86)\VEX Robotics\VEXcode Pro V5\sdk/vexv5\libv5rt.a(v5_apijump.c.obj)
                0x03806f6c                vexDisplayCircleDraw
 .text.vexDisplayCircleClear
                0x03806fac       0x40 C:\Program Files (x86)\VEX Robotics\VEXcode Pro V5\sdk/vexv5\libv5rt.a(v5_apijump.c.obj)
                0x03806fac                vexDisplayCircleClear
 .text.vexDisplayVPrintf
                0x03806fec       0x50 C:\Program Files (x86)\VEX Robotics\VEXcode Pro V5\sdk/vexv5\libv5rt.a(v5_apijump.c.obj)
                0x03806fec                vexDisplayVPrintf
 .text.vexDisplayTextReference
                0x0380703c       0x24 C:\Program Files (x86)\VEX Robotics\VEXcode Pro V5\sdk/vexv5\libv5rt.a(v5_apijump.c.obj)
                0x0380703c                vexDisplayTextReference
 .text.vexDisplayTextSize
                0x03807060       0x2c C:\Program Files (x86)\VEX Robotics\VEXcode Pro V5\sdk/vexv5\libv5rt.a(v5_apijump.c.obj)
                0x03807060                vexDisplayTextSize
 .text.vexDisplayFontNamedSet
                0x0380708c       0x24 C:\Program Files (x86)\VEX Robotics\VEXcode Pro V5\sdk/vexv5\libv5rt.a(v5_apijump.c.obj)
                0x0380708c                vexDisplayFontNamedSet
 .text.vexDisplayStringWidthGet
                0x038070b0       0x24 C:\Program Files (x86)\VEX Robotics\VEXcode Pro V5\sdk/vexv5\libv5rt.a(v5_apijump.c.obj)
                0x038070b0                vexDisplayStringWidthGet
 .text.vexDisplayPenSizeGet
                0x038070d4       0x1c C:\Program Files (x86)\VEX Robotics\VEXcode Pro V5\sdk/vexv5\libv5rt.a(v5_apijump.c.obj)
                0x038070d4                vexDisplayPenSizeGet
 .text.vexFileOpen
                0x038070f0       0x2c C:\Program Files (x86)\VEX Robotics\VEXcode Pro V5\sdk/vexv5\libv5rt.a(v5_apijump.c.obj)
                0x038070f0                vexFileOpen
 .text.vexFileClose
                0x0380711c       0x24 C:\Program Files (x86)\VEX Robotics\VEXcode Pro V5\sdk/vexv5\libv5rt.a(v5_apijump.c.obj)
                0x0380711c                vexFileClose
 .text.vexFileRead
                0x03807140       0x3c C:\Program Files (x86)\VEX Robotics\VEXcode Pro V5\sdk/vexv5\libv5rt.a(v5_apijump.c.obj)
                0x03807140                vexFileRead
 .text.vexFileSize
                0x0380717c       0x24 C:\Program Files (x86)\VEX Robotics\VEXcode Pro V5\sdk/vexv5\libv5rt.a(v5_apijump.c.obj)
                0x0380717c                vexFileSize
 .text.vexFileDriveStatus
                0x038071a0       0x24 C:\Program Files (x86)\VEX Robotics\VEXcode Pro V5\sdk/vexv5\libv5rt.a(v5_apijump.c.obj)
                0x038071a0                vexFileDriveStatus
 .text.vexSystemStdlibImpureDataAddr
                0x038071c4       0x28 C:\Program Files (x86)\VEX Robotics\VEXcode Pro V5\sdk/vexv5\libv5rt.a(v5_apijump.c.obj)
                0x038071c4                vexSystemStdlibImpureDataAddr
 .text.vexSystemStdlibImpureDataSize
                0x038071ec       0x28 C:\Program Files (x86)\VEX Robotics\VEXcode Pro V5\sdk/vexv5\libv5rt.a(v5_apijump.c.obj)
                0x038071ec                vexSystemStdlibImpureDataSize
 .text.vexSystemSaveUserData
                0x03807214       0x3c C:\Program Files (x86)\VEX Robotics\VEXcode Pro V5\sdk/vexv5\libv5rt.a(v5_apijump.c.obj)
                0x03807214                vexSystemSaveUserData
 .text.vexTouchDataGet
                0x03807250       0x10 C:\Program Files (x86)\VEX Robotics\VEXcode Pro V5\sdk/vexv5\libv5rt.a(v5_apijump.c.obj)
                0x03807250                vexTouchDataGet
 .text.vexImageBmpRead
                0x03807260       0x3c C:\Program Files (x86)\VEX Robotics\VEXcode Pro V5\sdk/vexv5\libv5rt.a(v5_apijump.c.obj)
                0x03807260                vexImageBmpRead
 .text.vexImagePngRead
                0x0380729c       0x44 C:\Program Files (x86)\VEX Robotics\VEXcode Pro V5\sdk/vexv5\libv5rt.a(v5_apijump.c.obj)
                0x0380729c                vexImagePngRead
 .text.vexDisplayThemeIdGet
                0x038072e0       0x38 C:\Program Files (x86)\VEX Robotics\VEXcode Pro V5\sdk/vexv5\libv5rt.a(v5_apijump.c.obj)
                0x038072e0                vexDisplayThemeIdGet
 .text.vexDisplayRender
                0x03807318       0x2c C:\Program Files (x86)\VEX Robotics\VEXcode Pro V5\sdk/vexv5\libv5rt.a(v5_apijump.c.obj)
                0x03807318                vexDisplayRender
 .text.vexCompetitionStatus
                0x03807344       0x1c C:\Program Files (x86)\VEX Robotics\VEXcode Pro V5\sdk/vexv5\libv5rt.a(v5_apijump.c.obj)
                0x03807344                vexCompetitionStatus
 .text.vexBatteryCapacityGet
                0x03807360       0x1c C:\Program Files (x86)\VEX Robotics\VEXcode Pro V5\sdk/vexv5\libv5rt.a(v5_apijump.c.obj)
                0x03807360                vexBatteryCapacityGet
 .text.vexDeviceEventMaskSet
                0x0380737c       0x48 C:\Program Files (x86)\VEX Robotics\VEXcode Pro V5\sdk/vexv5\libv5rt.a(v5_apijump.c.obj)
                0x0380737c                vexDeviceEventMaskSet
 .text.vexDeviceEventMaskGet
                0x038073c4       0x3c C:\Program Files (x86)\VEX Robotics\VEXcode Pro V5\sdk/vexv5\libv5rt.a(v5_apijump.c.obj)
                0x038073c4                vexDeviceEventMaskGet
 .text.vexSystemVersion
                0x03807400       0x10 C:\Program Files (x86)\VEX Robotics\VEXcode Pro V5\sdk/vexv5\libv5rt.a(v5_apiversions.c.obj)
                0x03807400                vexSystemVersion
 .text.vexStdlibVersion
                0x03807410       0x10 C:\Program Files (x86)\VEX Robotics\VEXcode Pro V5\sdk/vexv5\libv5rt.a(v5_apiversions.c.obj)
                0x03807410                vexStdlibVersion
 .text._ZN3vex4waitEdNS_9timeUnitsE
                0x03807420       0x30 C:\Program Files (x86)\VEX Robotics\VEXcode Pro V5\sdk/vexv5\libv5rt.a(vex_global.cpp.obj)
                0x03807420                vex::wait(double, vex::timeUnits)
 .text._ZN3vex5motorD2Ev
                0x03807450       0x20 C:\Program Files (x86)\VEX Robotics\VEXcode Pro V5\sdk/vexv5\libv5rt.a(vex_motor.cpp.obj)
                0x03807450                vex::motor::~motor()
                0x03807450                vex::motor::~motor()
 .text._ZN3vex5motorD0Ev
                0x03807470       0x1c C:\Program Files (x86)\VEX Robotics\VEXcode Pro V5\sdk/vexv5\libv5rt.a(vex_motor.cpp.obj)
                0x03807470                vex::motor::~motor()
 .text._ZN3vex5motor9installedEv
                0x0380748c       0x18 C:\Program Files (x86)\VEX Robotics\VEXcode Pro V5\sdk/vexv5\libv5rt.a(vex_motor.cpp.obj)
                0x0380748c                vex::motor::installed()
 .text._ZN3vex5motor15defaultStoppingENS_9brakeTypeE
                0x038074a4       0x30 C:\Program Files (x86)\VEX Robotics\VEXcode Pro V5\sdk/vexv5\libv5rt.a(vex_motor.cpp.obj)
                0x038074a4                vex::motor::defaultStopping(vex::brakeType)
 .text._ZN3vex5motor11setStoppingENS_9brakeTypeE
                0x038074d4        0x4 C:\Program Files (x86)\VEX Robotics\VEXcode Pro V5\sdk/vexv5\libv5rt.a(vex_motor.cpp.obj)
                0x038074d4                vex::motor::setStopping(vex::brakeType)
 .text._ZN3vex5motorC2El
                0x038074d8       0x78 C:\Program Files (x86)\VEX Robotics\VEXcode Pro V5\sdk/vexv5\libv5rt.a(vex_motor.cpp.obj)
                0x038074d8                vex::motor::motor(long)
                0x038074d8                vex::motor::motor(long)
 .text._ZN3vex5motorC2ElNS_11gearSettingEb
                0x03807550       0x34 C:\Program Files (x86)\VEX Robotics\VEXcode Pro V5\sdk/vexv5\libv5rt.a(vex_motor.cpp.obj)
                0x03807550                vex::motor::motor(long, vex::gearSetting, bool)
                0x03807550                vex::motor::motor(long, vex::gearSetting, bool)
 .text._ZN3vex5motorC2Elb
                0x03807584       0x24 C:\Program Files (x86)\VEX Robotics\VEXcode Pro V5\sdk/vexv5\libv5rt.a(vex_motor.cpp.obj)
                0x03807584                vex::motor::motor(long, bool)
                0x03807584                vex::motor::motor(long, bool)
 .text._ZN3vex5motor14isSpinningModeEv
                0x038075a8       0x48 C:\Program Files (x86)\VEX Robotics\VEXcode Pro V5\sdk/vexv5\libv5rt.a(vex_motor.cpp.obj)
                0x038075a8                vex::motor::isSpinningMode()
 .text._ZN3vex5motor4stopENS_9brakeTypeE
                0x038075f0       0x30 C:\Program Files (x86)\VEX Robotics\VEXcode Pro V5\sdk/vexv5\libv5rt.a(vex_motor.cpp.obj)
                0x038075f0                vex::motor::stop(vex::brakeType)
 .text._ZN3vex5motor4stopEv
                0x03807620        0x8 C:\Program Files (x86)\VEX Robotics\VEXcode Pro V5\sdk/vexv5\libv5rt.a(vex_motor.cpp.obj)
                0x03807620                vex::motor::stop()
 .text._ZN3vex5motor6torqueENS_11torqueUnitsE
                0x03807628       0x30 C:\Program Files (x86)\VEX Robotics\VEXcode Pro V5\sdk/vexv5\libv5rt.a(vex_motor.cpp.obj)
                0x03807628                vex::motor::torque(vex::torqueUnits)
 .text._ZN3vex5motor11temperatureENS_16temperatureUnitsE
                0x03807658       0x40 C:\Program Files (x86)\VEX Robotics\VEXcode Pro V5\sdk/vexv5\libv5rt.a(vex_motor.cpp.obj)
                0x03807658                vex::motor::temperature(vex::temperatureUnits)
 .text._ZN3vex5motor16velocityToScaledEdNS_13velocityUnitsE
                0x03807698       0x5c C:\Program Files (x86)\VEX Robotics\VEXcode Pro V5\sdk/vexv5\libv5rt.a(vex_motor.cpp.obj)
                0x03807698                vex::motor::velocityToScaled(double, vex::velocityUnits)
 .text._ZN3vex5motor8velocityENS_13velocityUnitsE
                0x038076f4       0x30 C:\Program Files (x86)\VEX Robotics\VEXcode Pro V5\sdk/vexv5\libv5rt.a(vex_motor.cpp.obj)
                0x038076f4                vex::motor::velocity(vex::velocityUnits)
 .text._ZN3vex5motor5valueEv
                0x03807724       0x1c C:\Program Files (x86)\VEX Robotics\VEXcode Pro V5\sdk/vexv5\libv5rt.a(vex_motor.cpp.obj)
                0x03807724                vex::motor::value()
 .text._ZN3vex5motor16scaledToVelocityEdNS_13velocityUnitsE
                0x03807740       0xa4 C:\Program Files (x86)\VEX Robotics\VEXcode Pro V5\sdk/vexv5\libv5rt.a(vex_motor.cpp.obj)
                0x03807740                vex::motor::scaledToVelocity(double, vex::velocityUnits)
 .text._ZN3vex5motor4spinENS_13directionTypeEdNS_13velocityUnitsE
                0x038077e4       0x5c C:\Program Files (x86)\VEX Robotics\VEXcode Pro V5\sdk/vexv5\libv5rt.a(vex_motor.cpp.obj)
                0x038077e4                vex::motor::spin(vex::directionType, double, vex::velocityUnits)
 .text._ZN3vex5motor4spinENS_13directionTypeE
                0x03807840       0x28 C:\Program Files (x86)\VEX Robotics\VEXcode Pro V5\sdk/vexv5\libv5rt.a(vex_motor.cpp.obj)
                0x03807840                vex::motor::spin(vex::directionType)
 .text._ZN3vex5motor11setVelocityEdNS_13velocityUnitsE
                0x03807868       0x54 C:\Program Files (x86)\VEX Robotics\VEXcode Pro V5\sdk/vexv5\libv5rt.a(vex_motor.cpp.obj)
                0x03807868                vex::motor::setVelocity(double, vex::velocityUnits)
 .text._ZN3vex5motor16setRotationUnitsENS_13rotationUnitsE
                0x038078bc       0x1c C:\Program Files (x86)\VEX Robotics\VEXcode Pro V5\sdk/vexv5\libv5rt.a(vex_motor.cpp.obj)
                0x038078bc                vex::motor::setRotationUnits(vex::rotationUnits)
 .text._ZN3vex5motor11setRotationEdNS_13rotationUnitsE
                0x038078d8       0x44 C:\Program Files (x86)\VEX Robotics\VEXcode Pro V5\sdk/vexv5\libv5rt.a(vex_motor.cpp.obj)
                0x038078d8                vex::motor::setRotation(double, vex::rotationUnits)
 .text._ZN3vex5motor13resetPositionEv
                0x0380791c       0x20 C:\Program Files (x86)\VEX Robotics\VEXcode Pro V5\sdk/vexv5\libv5rt.a(vex_motor.cpp.obj)
                0x0380791c                vex::motor::resetPosition()
 .text._ZN3vex5motor8rotateToEdNS_13rotationUnitsEdNS_13velocityUnitsEb
                0x0380793c       0xe0 C:\Program Files (x86)\VEX Robotics\VEXcode Pro V5\sdk/vexv5\libv5rt.a(vex_motor.cpp.obj)
                0x0380793c                vex::motor::rotateTo(double, vex::rotationUnits, double, vex::velocityUnits, bool)
 .text._ZN3vex5motor13startRotateToEdNS_13rotationUnitsEdNS_13velocityUnitsE
                0x03807a1c       0x34 C:\Program Files (x86)\VEX Robotics\VEXcode Pro V5\sdk/vexv5\libv5rt.a(vex_motor.cpp.obj)
                0x03807a1c                vex::motor::startRotateTo(double, vex::rotationUnits, double, vex::velocityUnits)
 .text._ZN3vex5motor9rotateForEdNS_13rotationUnitsEdNS_13velocityUnitsEb
                0x03807a50       0xf4 C:\Program Files (x86)\VEX Robotics\VEXcode Pro V5\sdk/vexv5\libv5rt.a(vex_motor.cpp.obj)
                0x03807a50                vex::motor::rotateFor(double, vex::rotationUnits, double, vex::velocityUnits, bool)
 .text._ZN3vex5motor7spinForEdNS_13rotationUnitsEdNS_13velocityUnitsEb
                0x03807b44       0x14 C:\Program Files (x86)\VEX Robotics\VEXcode Pro V5\sdk/vexv5\libv5rt.a(vex_motor.cpp.obj)
                0x03807b44                vex::motor::spinFor(double, vex::rotationUnits, double, vex::velocityUnits, bool)
 .text._ZN3vex8inertial11getTurnTypeEv
                0x03807b58        0x8 C:\Program Files (x86)\VEX Robotics\VEXcode Pro V5\sdk/vexv5\libv5rt.a(vex_imu.cpp.obj)
                0x03807b58                vex::inertial::getTurnType()
 .text._ZThn16_N3vex8inertial11getTurnTypeEv
                0x03807b60        0x8 C:\Program Files (x86)\VEX Robotics\VEXcode Pro V5\sdk/vexv5\libv5rt.a(vex_imu.cpp.obj)
                0x03807b60                non-virtual thunk to vex::inertial::getTurnType()
 .text._ZN3vex8inertial10setHeadingEdNS_13rotationUnitsE
                0x03807b68       0x58 C:\Program Files (x86)\VEX Robotics\VEXcode Pro V5\sdk/vexv5\libv5rt.a(vex_imu.cpp.obj)
                0x03807b68                vex::inertial::setHeading(double, vex::rotationUnits)
 .text._ZThn16_N3vex8inertial10setHeadingEdNS_13rotationUnitsE
                0x03807bc0        0x8 C:\Program Files (x86)\VEX Robotics\VEXcode Pro V5\sdk/vexv5\libv5rt.a(vex_imu.cpp.obj)
                0x03807bc0                non-virtual thunk to vex::inertial::setHeading(double, vex::rotationUnits)
 .text._ZN3vex8inertial11setRotationEdNS_13rotationUnitsE
                0x03807bc8       0x58 C:\Program Files (x86)\VEX Robotics\VEXcode Pro V5\sdk/vexv5\libv5rt.a(vex_imu.cpp.obj)
                0x03807bc8                vex::inertial::setRotation(double, vex::rotationUnits)
 .text._ZThn16_N3vex8inertial11setRotationEdNS_13rotationUnitsE
                0x03807c20        0x8 C:\Program Files (x86)\VEX Robotics\VEXcode Pro V5\sdk/vexv5\libv5rt.a(vex_imu.cpp.obj)
                0x03807c20                non-virtual thunk to vex::inertial::setRotation(double, vex::rotationUnits)
 .text._ZN3vex8inertialD2Ev
                0x03807c28       0x20 C:\Program Files (x86)\VEX Robotics\VEXcode Pro V5\sdk/vexv5\libv5rt.a(vex_imu.cpp.obj)
                0x03807c28                vex::inertial::~inertial()
                0x03807c28                vex::inertial::~inertial()
 .text._ZThn16_N3vex8inertialD1Ev
                0x03807c48        0x8 C:\Program Files (x86)\VEX Robotics\VEXcode Pro V5\sdk/vexv5\libv5rt.a(vex_imu.cpp.obj)
                0x03807c48                non-virtual thunk to vex::inertial::~inertial()
 .text._ZN3vex8inertialD0Ev
                0x03807c50       0x1c C:\Program Files (x86)\VEX Robotics\VEXcode Pro V5\sdk/vexv5\libv5rt.a(vex_imu.cpp.obj)
                0x03807c50                vex::inertial::~inertial()
 .text._ZThn16_N3vex8inertialD0Ev
                0x03807c6c        0x8 C:\Program Files (x86)\VEX Robotics\VEXcode Pro V5\sdk/vexv5\libv5rt.a(vex_imu.cpp.obj)
                0x03807c6c                non-virtual thunk to vex::inertial::~inertial()
 .text._ZN3vex8inertial9installedEv
                0x03807c74       0x18 C:\Program Files (x86)\VEX Robotics\VEXcode Pro V5\sdk/vexv5\libv5rt.a(vex_imu.cpp.obj)
                0x03807c74                vex::inertial::installed()
 .text._ZN3vex8inertial5angleENS_13rotationUnitsE
                0x03807c8c       0x6c C:\Program Files (x86)\VEX Robotics\VEXcode Pro V5\sdk/vexv5\libv5rt.a(vex_imu.cpp.obj)
                0x03807c8c                vex::inertial::angle(vex::rotationUnits)
 .text._ZThn16_N3vex8inertial5angleENS_13rotationUnitsE
                0x03807cf8        0x8 C:\Program Files (x86)\VEX Robotics\VEXcode Pro V5\sdk/vexv5\libv5rt.a(vex_imu.cpp.obj)
                0x03807cf8                non-virtual thunk to vex::inertial::angle(vex::rotationUnits)
 .text._ZN3vex8inertial7headingENS_13rotationUnitsE
                0x03807d00        0x4 C:\Program Files (x86)\VEX Robotics\VEXcode Pro V5\sdk/vexv5\libv5rt.a(vex_imu.cpp.obj)
                0x03807d00                vex::inertial::heading(vex::rotationUnits)
 .text._ZThn16_N3vex8inertial7headingENS_13rotationUnitsE
                0x03807d04        0x8 C:\Program Files (x86)\VEX Robotics\VEXcode Pro V5\sdk/vexv5\libv5rt.a(vex_imu.cpp.obj)
                0x03807d04                non-virtual thunk to vex::inertial::heading(vex::rotationUnits)
 .text._ZN3vex8inertial5valueEv
                0x03807d0c       0x1c C:\Program Files (x86)\VEX Robotics\VEXcode Pro V5\sdk/vexv5\libv5rt.a(vex_imu.cpp.obj)
                0x03807d0c                vex::inertial::value()
 .text._ZN3vex8inertial8rotationENS_13rotationUnitsE
                0x03807d28       0x48 C:\Program Files (x86)\VEX Robotics\VEXcode Pro V5\sdk/vexv5\libv5rt.a(vex_imu.cpp.obj)
                0x03807d28                vex::inertial::rotation(vex::rotationUnits)
 .text._ZThn16_N3vex8inertial8rotationENS_13rotationUnitsE
                0x03807d70        0x8 C:\Program Files (x86)\VEX Robotics\VEXcode Pro V5\sdk/vexv5\libv5rt.a(vex_imu.cpp.obj)
                0x03807d70                non-virtual thunk to vex::inertial::rotation(vex::rotationUnits)
 .text._ZN3vex8inertial13isCalibratingEv
                0x03807d78       0x38 C:\Program Files (x86)\VEX Robotics\VEXcode Pro V5\sdk/vexv5\libv5rt.a(vex_imu.cpp.obj)
                0x03807d78                vex::inertial::isCalibrating()
 .text._ZThn16_N3vex8inertial13isCalibratingEv
                0x03807db0        0x8 C:\Program Files (x86)\VEX Robotics\VEXcode Pro V5\sdk/vexv5\libv5rt.a(vex_imu.cpp.obj)
                0x03807db0                non-virtual thunk to vex::inertial::isCalibrating()
 .text._ZN3vex8inertialC2ElNS_8turnTypeE
                0x03807db8       0x4c C:\Program Files (x86)\VEX Robotics\VEXcode Pro V5\sdk/vexv5\libv5rt.a(vex_imu.cpp.obj)
                0x03807db8                vex::inertial::inertial(long, vex::turnType)
                0x03807db8                vex::inertial::inertial(long, vex::turnType)
 .text._ZN3vex8inertial16startCalibrationEl
                0x03807e04       0x20 C:\Program Files (x86)\VEX Robotics\VEXcode Pro V5\sdk/vexv5\libv5rt.a(vex_imu.cpp.obj)
                0x03807e04                vex::inertial::startCalibration(long)
 .text._ZN3vex8inertial9calibrateEl
                0x03807e24        0xc C:\Program Files (x86)\VEX Robotics\VEXcode Pro V5\sdk/vexv5\libv5rt.a(vex_imu.cpp.obj)
                0x03807e24                vex::inertial::calibrate(long)
                0x03807e28                non-virtual thunk to vex::inertial::calibrate(long)
 .text._ZN3vex10controllerD2Ev
                0x03807e30        0x4 C:\Program Files (x86)\VEX Robotics\VEXcode Pro V5\sdk/vexv5\libv5rt.a(vex_controller.cpp.obj)
                0x03807e30                vex::controller::~controller()
                0x03807e30                vex::controller::~controller()
 .text._ZN3vex10controller5valueE19_V5_ControllerIndex
                0x03807e34        0x8 C:\Program Files (x86)\VEX Robotics\VEXcode Pro V5\sdk/vexv5\libv5rt.a(vex_controller.cpp.obj)
                0x03807e34                vex::controller::value(_V5_ControllerIndex)
 .text._ZN3vex10controller6rumbleEPKc
                0x03807e3c       0x4c C:\Program Files (x86)\VEX Robotics\VEXcode Pro V5\sdk/vexv5\libv5rt.a(vex_controller.cpp.obj)
                0x03807e3c                vex::controller::rumble(char const*)
 .text._ZNK3vex10controller6button8pressingEv
                0x03807e88       0xc8 C:\Program Files (x86)\VEX Robotics\VEXcode Pro V5\sdk/vexv5\libv5rt.a(vex_controller.cpp.obj)
                0x03807e88                vex::controller::button::pressing() const
 .text._ZNK3vex10controller6button21_buttonToPressedEventEv
                0x03807f50       0x20 C:\Program Files (x86)\VEX Robotics\VEXcode Pro V5\sdk/vexv5\libv5rt.a(vex_controller.cpp.obj)
                0x03807f50                vex::controller::button::_buttonToPressedEvent() const
 .text._ZNK3vex10controller6button22_buttonToReleasedEventEv
                0x03807f70       0x20 C:\Program Files (x86)\VEX Robotics\VEXcode Pro V5\sdk/vexv5\libv5rt.a(vex_controller.cpp.obj)
                0x03807f70                vex::controller::button::_buttonToReleasedEvent() const
 .text._ZN3vex10controller6buttonC2ENS0_11tButtonTypeEPS0_
                0x03807f90       0x48 C:\Program Files (x86)\VEX Robotics\VEXcode Pro V5\sdk/vexv5\libv5rt.a(vex_controller.cpp.obj)
                0x03807f90                vex::controller::button::button(vex::controller::tButtonType, vex::controller*)
                0x03807f90                vex::controller::button::button(vex::controller::tButtonType, vex::controller*)
 .text._ZNK3vex10controller4axis5valueEv
                0x03807fd8       0x58 C:\Program Files (x86)\VEX Robotics\VEXcode Pro V5\sdk/vexv5\libv5rt.a(vex_controller.cpp.obj)
                0x03807fd8                vex::controller::axis::value() const
 .text._ZNK3vex10controller4axis23_joystickToChangedEventEv
                0x03808030       0x20 C:\Program Files (x86)\VEX Robotics\VEXcode Pro V5\sdk/vexv5\libv5rt.a(vex_controller.cpp.obj)
                0x03808030                vex::controller::axis::_joystickToChangedEvent() const
 .text._ZN3vex10controller4axisC2ENS0_9tAxisTypeEPS0_
                0x03808050       0x2c C:\Program Files (x86)\VEX Robotics\VEXcode Pro V5\sdk/vexv5\libv5rt.a(vex_controller.cpp.obj)
                0x03808050                vex::controller::axis::axis(vex::controller::tAxisType, vex::controller*)
                0x03808050                vex::controller::axis::axis(vex::controller::tAxisType, vex::controller*)
 .text._ZN3vex10controllerC2ENS_14controllerTypeE
                0x0380807c      0x16c C:\Program Files (x86)\VEX Robotics\VEXcode Pro V5\sdk/vexv5\libv5rt.a(vex_controller.cpp.obj)
                0x0380807c                vex::controller::controller(vex::controllerType)
                0x0380807c                vex::controller::controller(vex::controllerType)
 .text._ZN3vex10controller3lcd15getControllerIdEv
                0x038081e8       0x10 C:\Program Files (x86)\VEX Robotics\VEXcode Pro V5\sdk/vexv5\libv5rt.a(vex_controller.cpp.obj)
                0x038081e8                vex::controller::lcd::getControllerId()
 .text._ZN3vex10controller3lcd9setCursorEll
                0x038081f8       0x40 C:\Program Files (x86)\VEX Robotics\VEXcode Pro V5\sdk/vexv5\libv5rt.a(vex_controller.cpp.obj)
                0x038081f8                vex::controller::lcd::setCursor(long, long)
 .text._ZN3vex10controller3lcd5printEPKcz
                0x03808238       0x80 C:\Program Files (x86)\VEX Robotics\VEXcode Pro V5\sdk/vexv5\libv5rt.a(vex_controller.cpp.obj)
                0x03808238                vex::controller::lcd::print(char const*, ...)
 .text._ZN3vex10controller3lcd9clearLineEi
                0x038082b8       0x80 C:\Program Files (x86)\VEX Robotics\VEXcode Pro V5\sdk/vexv5\libv5rt.a(vex_controller.cpp.obj)
                0x038082b8                vex::controller::lcd::clearLine(int)
 .text._ZN3vex10controller3lcd11clearScreenEv
                0x03808338       0x5c C:\Program Files (x86)\VEX Robotics\VEXcode Pro V5\sdk/vexv5\libv5rt.a(vex_controller.cpp.obj)
                0x03808338                vex::controller::lcd::clearScreen()
 .text._ZN3vex10controller3lcd7newLineEv
                0x03808394       0x20 C:\Program Files (x86)\VEX Robotics\VEXcode Pro V5\sdk/vexv5\libv5rt.a(vex_controller.cpp.obj)
                0x03808394                vex::controller::lcd::newLine()
 .text._ZN3vex4taskC2EPFivE
                0x038083b4       0x5c C:\Program Files (x86)\VEX Robotics\VEXcode Pro V5\sdk/vexv5\libv5rt.a(vex_task.cpp.obj)
                0x038083b4                vex::task::task(int (*)())
                0x038083b4                vex::task::task(int (*)())
 .text._ZN3vex4taskD2Ev
                0x03808410        0x4 C:\Program Files (x86)\VEX Robotics\VEXcode Pro V5\sdk/vexv5\libv5rt.a(vex_task.cpp.obj)
                0x03808410                vex::task::~task()
                0x03808410                vex::task::~task()
 .text._ZN3vex4task4stopEPvi
                0x03808414       0x1c C:\Program Files (x86)\VEX Robotics\VEXcode Pro V5\sdk/vexv5\libv5rt.a(vex_task.cpp.obj)
                0x03808414                vex::task::stop(void*, int)
 .text._ZN3vex4task6_indexEPFivE
                0x03808430       0x14 C:\Program Files (x86)\VEX Robotics\VEXcode Pro V5\sdk/vexv5\libv5rt.a(vex_task.cpp.obj)
                0x03808430                vex::task::_index(int (*)())
 .text._ZN3vex4task8_stopAllEv
                0x03808444       0x3c C:\Program Files (x86)\VEX Robotics\VEXcode Pro V5\sdk/vexv5\libv5rt.a(vex_task.cpp.obj)
                0x03808444                vex::task::_stopAll()
 .text._ZN3vex11this_thread9sleep_forEm
                0x03808480        0x4 C:\Program Files (x86)\VEX Robotics\VEXcode Pro V5\sdk/vexv5\libv5rt.a(vex_thread.cpp.obj)
                0x03808480                vex::this_thread::sleep_for(unsigned long)
 .text._ZN3vex5event4initEmmPFvvE
                0x03808484        0x4 C:\Program Files (x86)\VEX Robotics\VEXcode Pro V5\sdk/vexv5\libv5rt.a(vex_event.cpp.obj)
                0x03808484                vex::event::init(unsigned long, unsigned long, void (*)())
 .text._ZN3vex5event4initEmmPFvPvES1_
                0x03808488        0x4 C:\Program Files (x86)\VEX Robotics\VEXcode Pro V5\sdk/vexv5\libv5rt.a(vex_event.cpp.obj)
                0x03808488                vex::event::init(unsigned long, unsigned long, void (*)(void*), void*)
 .text._ZN3vex5event9userindexEv
                0x0380848c        0x4 C:\Program Files (x86)\VEX Robotics\VEXcode Pro V5\sdk/vexv5\libv5rt.a(vex_event.cpp.obj)
                0x0380848c                vex::event::userindex()
 .text._ZZN3vex6meventC4EmmENUlvE_4_FUNEv
                0x03808490        0x4 C:\Program Files (x86)\VEX Robotics\VEXcode Pro V5\sdk/vexv5\libv5rt.a(vex_mevent.cpp.obj)
 .text._ZN3vex6meventC2Emm
                0x03808494       0x70 C:\Program Files (x86)\VEX Robotics\VEXcode Pro V5\sdk/vexv5\libv5rt.a(vex_mevent.cpp.obj)
                0x03808494                vex::mevent::mevent(unsigned long, unsigned long)
                0x03808494                vex::mevent::mevent(unsigned long, unsigned long)
 .text._ZN3vex5brain9_getIndexEv
                0x03808504       0x10 C:\Program Files (x86)\VEX Robotics\VEXcode Pro V5\sdk/vexv5\libv5rt.a(vex_brain.cpp.obj)
                0x03808504                vex::brain::_getIndex()
 .text._ZN3vex5brain5timerENS_9timeUnitsE
                0x03808514        0x8 C:\Program Files (x86)\VEX Robotics\VEXcode Pro V5\sdk/vexv5\libv5rt.a(vex_brain.cpp.obj)
                0x03808514                vex::brain::timer(vex::timeUnits)
 .text._ZN3vex5brain3lcd9setCursorEll
                0x0380851c       0x44 C:\Program Files (x86)\VEX Robotics\VEXcode Pro V5\sdk/vexv5\libv5rt.a(vex_brain.cpp.obj)
                0x0380851c                vex::brain::lcd::setCursor(long, long)
 .text._ZN3vex5brain3lcd7setFontENS_8fontTypeE
                0x03808560      0x23c C:\Program Files (x86)\VEX Robotics\VEXcode Pro V5\sdk/vexv5\libv5rt.a(vex_brain.cpp.obj)
                0x03808560                vex::brain::lcd::setFont(vex::fontType)
 .text._ZN3vex5brain3lcdC2Ev
                0x0380879c       0x94 C:\Program Files (x86)\VEX Robotics\VEXcode Pro V5\sdk/vexv5\libv5rt.a(vex_brain.cpp.obj)
                0x0380879c                vex::brain::lcd::lcd()
                0x0380879c                vex::brain::lcd::lcd()
 .text._ZN3vex5brainC2Ev
                0x03808830       0x3c C:\Program Files (x86)\VEX Robotics\VEXcode Pro V5\sdk/vexv5\libv5rt.a(vex_brain.cpp.obj)
                0x03808830                vex::brain::brain()
                0x03808830                vex::brain::brain()
 .text._ZN3vex5brain3lcd11setPenColorERKNS_5colorE
                0x0380886c       0x14 C:\Program Files (x86)\VEX Robotics\VEXcode Pro V5\sdk/vexv5\libv5rt.a(vex_brain.cpp.obj)
                0x0380886c                vex::brain::lcd::setPenColor(vex::color const&)
 .text._ZN3vex5brain3lcd12setFillColorERKNS_5colorE
                0x03808880       0x38 C:\Program Files (x86)\VEX Robotics\VEXcode Pro V5\sdk/vexv5\libv5rt.a(vex_brain.cpp.obj)
                0x03808880                vex::brain::lcd::setFillColor(vex::color const&)
 .text._ZN3vex5brain3lcd12_clearScreenEm
                0x038088b8       0x38 C:\Program Files (x86)\VEX Robotics\VEXcode Pro V5\sdk/vexv5\libv5rt.a(vex_brain.cpp.obj)
                0x038088b8                vex::brain::lcd::_clearScreen(unsigned long)
 .text._ZN3vex5brain3lcd11clearScreenERKNS_5colorE
                0x038088f0       0x20 C:\Program Files (x86)\VEX Robotics\VEXcode Pro V5\sdk/vexv5\libv5rt.a(vex_brain.cpp.obj)
                0x038088f0                vex::brain::lcd::clearScreen(vex::color const&)
 .text._ZN3vex5brain3lcd11clearScreenEv
                0x03808910       0x2c C:\Program Files (x86)\VEX Robotics\VEXcode Pro V5\sdk/vexv5\libv5rt.a(vex_brain.cpp.obj)
                0x03808910                vex::brain::lcd::clearScreen()
 .text._ZN3vex5brain3lcd9drawPixelEii
                0x0380893c       0x14 C:\Program Files (x86)\VEX Robotics\VEXcode Pro V5\sdk/vexv5\libv5rt.a(vex_brain.cpp.obj)
                0x0380893c                vex::brain::lcd::drawPixel(int, int)
 .text._ZN3vex5brain3lcd8drawLineEiiii
                0x03808950      0x2c4 C:\Program Files (x86)\VEX Robotics\VEXcode Pro V5\sdk/vexv5\libv5rt.a(vex_brain.cpp.obj)
                0x03808950                vex::brain::lcd::drawLine(int, int, int, int)
 .text._ZN3vex5brain3lcd13drawRectangleEiiii
                0x03808c14       0xdc C:\Program Files (x86)\VEX Robotics\VEXcode Pro V5\sdk/vexv5\libv5rt.a(vex_brain.cpp.obj)
                0x03808c14                vex::brain::lcd::drawRectangle(int, int, int, int)
 .text._ZN3vex5brain3lcd10drawCircleEiii
                0x03808cf0       0xa4 C:\Program Files (x86)\VEX Robotics\VEXcode Pro V5\sdk/vexv5\libv5rt.a(vex_brain.cpp.obj)
                0x03808cf0                vex::brain::lcd::drawCircle(int, int, int)
 .text._ZN3vex5brain3lcd9xPositionEv
                0x03808d94       0x24 C:\Program Files (x86)\VEX Robotics\VEXcode Pro V5\sdk/vexv5\libv5rt.a(vex_brain.cpp.obj)
                0x03808d94                vex::brain::lcd::xPosition()
 .text._ZN3vex5brain3lcd9yPositionEv
                0x03808db8       0x24 C:\Program Files (x86)\VEX Robotics\VEXcode Pro V5\sdk/vexv5\libv5rt.a(vex_brain.cpp.obj)
                0x03808db8                vex::brain::lcd::yPosition()
 .text._ZN3vex5brain3lcd8pressingEv
                0x03808ddc       0x20 C:\Program Files (x86)\VEX Robotics\VEXcode Pro V5\sdk/vexv5\libv5rt.a(vex_brain.cpp.obj)
                0x03808ddc                vex::brain::lcd::pressing()
 .text._ZN3vex5brain3lcd7pressedEPFvvE
                0x03808dfc       0x1c C:\Program Files (x86)\VEX Robotics\VEXcode Pro V5\sdk/vexv5\libv5rt.a(vex_brain.cpp.obj)
                0x03808dfc                vex::brain::lcd::pressed(void (*)())
 .text._ZN3vex5brain3lcd6renderEv
                0x03808e18        0xc C:\Program Files (x86)\VEX Robotics\VEXcode Pro V5\sdk/vexv5\libv5rt.a(vex_brain.cpp.obj)
                0x03808e18                vex::brain::lcd::render()
 .text._ZN3vex5brain3lcd20_validateImageBufferEPh
                0x03808e24       0x58 C:\Program Files (x86)\VEX Robotics\VEXcode Pro V5\sdk/vexv5\libv5rt.a(vex_brain.cpp.obj)
                0x03808e24                vex::brain::lcd::_validateImageBuffer(unsigned char*)
 .text._ZN3vex5brain3lcd17drawImageFromFileEPKcii
                0x03808e7c      0x264 C:\Program Files (x86)\VEX Robotics\VEXcode Pro V5\sdk/vexv5\libv5rt.a(vex_brain.cpp.obj)
                0x03808e7c                vex::brain::lcd::drawImageFromFile(char const*, int, int)
 .text._ZN3vex5brain3lcd10rowToPixelEl
                0x038090e0       0x34 C:\Program Files (x86)\VEX Robotics\VEXcode Pro V5\sdk/vexv5\libv5rt.a(vex_brain.cpp.obj)
                0x038090e0                vex::brain::lcd::rowToPixel(long)
 .text._ZN3vex5brain3lcd5printEPKcz
                0x03809114       0xb8 C:\Program Files (x86)\VEX Robotics\VEXcode Pro V5\sdk/vexv5\libv5rt.a(vex_brain.cpp.obj)
                0x03809114                vex::brain::lcd::print(char const*, ...)
 .text._ZN3vex5brain6sdcard10isInsertedEv
                0x038091cc        0x8 C:\Program Files (x86)\VEX Robotics\VEXcode Pro V5\sdk/vexv5\libv5rt.a(vex_brain.cpp.obj)
                0x038091cc                vex::brain::sdcard::isInserted()
 .text._ZN3vex5brain7battery8capacityENS_12percentUnitsE
                0x038091d4       0x18 C:\Program Files (x86)\VEX Robotics\VEXcode Pro V5\sdk/vexv5\libv5rt.a(vex_brain.cpp.obj)
                0x038091d4                vex::brain::battery::capacity(vex::percentUnits)
 .text._ZN3vex5brainD2Ev
                0x038091ec       0x20 C:\Program Files (x86)\VEX Robotics\VEXcode Pro V5\sdk/vexv5\libv5rt.a(vex_brain.cpp.obj)
                0x038091ec                vex::brain::~brain()
                0x038091ec                vex::brain::~brain()
 .text._ZN3vex11competition8_disableEPv
                0x0380920c       0xa4 C:\Program Files (x86)\VEX Robotics\VEXcode Pro V5\sdk/vexv5\libv5rt.a(vex_competition.cpp.obj)
                0x0380920c                vex::competition::_disable(void*)
 .text._ZN3vex11competition11_autonomousEv
                0x038092b0       0x80 C:\Program Files (x86)\VEX Robotics\VEXcode Pro V5\sdk/vexv5\libv5rt.a(vex_competition.cpp.obj)
                0x038092b0                vex::competition::_autonomous()
 .text._ZN3vex11competition14_drivercontrolEv
                0x03809330       0x80 C:\Program Files (x86)\VEX Robotics\VEXcode Pro V5\sdk/vexv5\libv5rt.a(vex_competition.cpp.obj)
                0x03809330                vex::competition::_drivercontrol()
 .text._ZN3vex11competitionC2Ev
                0x038093b0      0x13c C:\Program Files (x86)\VEX Robotics\VEXcode Pro V5\sdk/vexv5\libv5rt.a(vex_competition.cpp.obj)
                0x038093b0                vex::competition::competition()
                0x038093b0                vex::competition::competition()
 .text._ZN3vex11competitionD2Ev
                0x038094ec        0x4 C:\Program Files (x86)\VEX Robotics\VEXcode Pro V5\sdk/vexv5\libv5rt.a(vex_competition.cpp.obj)
                0x038094ec                vex::competition::~competition()
                0x038094ec                vex::competition::~competition()
 .text._ZN3vex11competition10autonomousEPFvvE
                0x038094f0       0x44 C:\Program Files (x86)\VEX Robotics\VEXcode Pro V5\sdk/vexv5\libv5rt.a(vex_competition.cpp.obj)
                0x038094f0                vex::competition::autonomous(void (*)())
 .text._ZN3vex11competition13drivercontrolEPFvvE
                0x03809534       0x44 C:\Program Files (x86)\VEX Robotics\VEXcode Pro V5\sdk/vexv5\libv5rt.a(vex_competition.cpp.obj)
                0x03809534                vex::competition::drivercontrol(void (*)())
 .text._ZN3vex11competition15isDriverControlEv
                0x03809578       0x14 C:\Program Files (x86)\VEX Robotics\VEXcode Pro V5\sdk/vexv5\libv5rt.a(vex_competition.cpp.obj)
                0x03809578                vex::competition::isDriverControl()
 .text._ZN3vex11competition12isAutonomousEv
                0x0380958c       0x14 C:\Program Files (x86)\VEX Robotics\VEXcode Pro V5\sdk/vexv5\libv5rt.a(vex_competition.cpp.obj)
                0x0380958c                vex::competition::isAutonomous()
 .text._ZN3vex7triportD2Ev
                0x038095a0       0x38 C:\Program Files (x86)\VEX Robotics\VEXcode Pro V5\sdk/vexv5\libv5rt.a(vex_triport.cpp.obj)
                0x038095a0                vex::triport::~triport()
                0x038095a0                vex::triport::~triport()
 .text._ZN3vex7triportD0Ev
                0x038095d8       0x1c C:\Program Files (x86)\VEX Robotics\VEXcode Pro V5\sdk/vexv5\libv5rt.a(vex_triport.cpp.obj)
                0x038095d8                vex::triport::~triport()
 .text._ZN3vex7triport9installedEv
                0x038095f4       0x18 C:\Program Files (x86)\VEX Robotics\VEXcode Pro V5\sdk/vexv5\libv5rt.a(vex_triport.cpp.obj)
                0x038095f4                vex::triport::installed()
 .text._ZN3vex7triport4portC2ElPS0_
                0x0380960c       0x74 C:\Program Files (x86)\VEX Robotics\VEXcode Pro V5\sdk/vexv5\libv5rt.a(vex_triport.cpp.obj)
                0x0380960c                vex::triport::port::port(long, vex::triport*)
                0x0380960c                vex::triport::port::port(long, vex::triport*)
 .text._ZN3vex7triportC2El
                0x03809680       0xf0 C:\Program Files (x86)\VEX Robotics\VEXcode Pro V5\sdk/vexv5\libv5rt.a(vex_triport.cpp.obj)
                0x03809680                vex::triport::triport(long)
                0x03809680                vex::triport::triport(long)
 .text._ZN3vex7triport4port4typeENS_11triportTypeE
                0x03809770       0x30 C:\Program Files (x86)\VEX Robotics\VEXcode Pro V5\sdk/vexv5\libv5rt.a(vex_triport.cpp.obj)
                0x03809770                vex::triport::port::type(vex::triportType)
 .text._ZN3vex7triport4port4typeEv
                0x038097a0       0x38 C:\Program Files (x86)\VEX Robotics\VEXcode Pro V5\sdk/vexv5\libv5rt.a(vex_triport.cpp.obj)
                0x038097a0                vex::triport::port::type()
 .text._ZN3vex7triport4port5valueEv
                0x038097d8       0x14 C:\Program Files (x86)\VEX Robotics\VEXcode Pro V5\sdk/vexv5\libv5rt.a(vex_triport.cpp.obj)
                0x038097d8                vex::triport::port::value()
 .text._ZN3vex7triport4port5valueEl
                0x038097ec       0x18 C:\Program Files (x86)\VEX Robotics\VEXcode Pro V5\sdk/vexv5\libv5rt.a(vex_triport.cpp.obj)
                0x038097ec                vex::triport::port::value(long)
 *fill*         0x03809804        0x4 
 .text._ZN3vex7triport4port11setRotationEdNS_13rotationUnitsE
                0x03809808       0x50 C:\Program Files (x86)\VEX Robotics\VEXcode Pro V5\sdk/vexv5\libv5rt.a(vex_triport.cpp.obj)
                0x03809808                vex::triport::port::setRotation(double, vex::rotationUnits)
 .text._ZN3vex7triport4port8rotationENS_13rotationUnitsE
                0x03809858       0x40 C:\Program Files (x86)\VEX Robotics\VEXcode Pro V5\sdk/vexv5\libv5rt.a(vex_triport.cpp.obj)
                0x03809858                vex::triport::port::rotation(vex::rotationUnits)
 .text._ZN3vex11__trideviceC2ERNS_7triport4portENS_11triportTypeE
                0x03809898       0x5c C:\Program Files (x86)\VEX Robotics\VEXcode Pro V5\sdk/vexv5\libv5rt.a(vex_triport.cpp.obj)
                0x03809898                vex::__tridevice::__tridevice(vex::triport::port&, vex::triportType)
                0x03809898                vex::__tridevice::__tridevice(vex::triport::port&, vex::triportType)
 .text._ZN3vex11digital_outC2ERNS_7triport4portE
                0x038098f4       0x18 C:\Program Files (x86)\VEX Robotics\VEXcode Pro V5\sdk/vexv5\libv5rt.a(vex_triport.cpp.obj)
                0x038098f4                vex::digital_out::digital_out(vex::triport::port&)
                0x038098f4                vex::digital_out::digital_out(vex::triport::port&)
 .text._ZN3vex11digital_outD2Ev
                0x0380990c        0x4 C:\Program Files (x86)\VEX Robotics\VEXcode Pro V5\sdk/vexv5\libv5rt.a(vex_triport.cpp.obj)
                0x0380990c                vex::digital_out::~digital_out()
                0x0380990c                vex::digital_out::~digital_out()
 .text._ZN3vex11digital_out3setEb
                0x03809910        0x8 C:\Program Files (x86)\VEX Robotics\VEXcode Pro V5\sdk/vexv5\libv5rt.a(vex_triport.cpp.obj)
                0x03809910                vex::digital_out::set(bool)
 .text._ZN3vex7encoderC2ERNS_7triport4portE
                0x03809918       0x20 C:\Program Files (x86)\VEX Robotics\VEXcode Pro V5\sdk/vexv5\libv5rt.a(vex_triport.cpp.obj)
                0x03809918                vex::encoder::encoder(vex::triport::port&)
                0x03809918                vex::encoder::encoder(vex::triport::port&)
 .text._ZN3vex7encoderD2Ev
                0x03809938        0x4 C:\Program Files (x86)\VEX Robotics\VEXcode Pro V5\sdk/vexv5\libv5rt.a(vex_triport.cpp.obj)
                0x03809938                vex::encoder::~encoder()
                0x03809938                vex::encoder::~encoder()
 .text._ZN3vex7encoder11setPositionEdNS_13rotationUnitsE
                0x0380993c        0x8 C:\Program Files (x86)\VEX Robotics\VEXcode Pro V5\sdk/vexv5\libv5rt.a(vex_triport.cpp.obj)
                0x0380993c                vex::encoder::setPosition(double, vex::rotationUnits)
 .text._ZN3vex7encoder8positionENS_13rotationUnitsE
                0x03809944        0x8 C:\Program Files (x86)\VEX Robotics\VEXcode Pro V5\sdk/vexv5\libv5rt.a(vex_triport.cpp.obj)
                0x03809944                vex::encoder::position(vex::rotationUnits)
 .text._ZN3vex5colorD2Ev
                0x0380994c        0x4 C:\Program Files (x86)\VEX Robotics\VEXcode Pro V5\sdk/vexv5\libv5rt.a(vex_color.cpp.obj)
                0x0380994c                vex::color::~color()
                0x0380994c                vex::color::~color()
 .text._ZNK3vex5colorcvmEv
                0x03809950        0x8 C:\Program Files (x86)\VEX Robotics\VEXcode Pro V5\sdk/vexv5\libv5rt.a(vex_color.cpp.obj)
                0x03809950                vex::color::operator unsigned long() const
 .text._ZNK3vex5color13isTransparentEv
                0x03809958        0x8 C:\Program Files (x86)\VEX Robotics\VEXcode Pro V5\sdk/vexv5\libv5rt.a(vex_color.cpp.obj)
                0x03809958                vex::color::isTransparent() const
 .text.startup._GLOBAL__sub_I__ZN3vex5color5blackE
                0x03809960      0x164 C:\Program Files (x86)\VEX Robotics\VEXcode Pro V5\sdk/vexv5\libv5rt.a(vex_color.cpp.obj)
 .text._ZN3vex5timerD2Ev
                0x03809ac4        0x4 C:\Program Files (x86)\VEX Robotics\VEXcode Pro V5\sdk/vexv5\libv5rt.a(vex_timer.cpp.obj)
                0x03809ac4                vex::timer::~timer()
                0x03809ac4                vex::timer::~timer()
 .text._ZN3vex5timer5clearEv
                0x03809ac8       0x1c C:\Program Files (x86)\VEX Robotics\VEXcode Pro V5\sdk/vexv5\libv5rt.a(vex_timer.cpp.obj)
                0x03809ac8                vex::timer::clear()
 .text._ZN3vex5timerC2Ev
                0x03809ae4       0x14 C:\Program Files (x86)\VEX Robotics\VEXcode Pro V5\sdk/vexv5\libv5rt.a(vex_timer.cpp.obj)
                0x03809ae4                vex::timer::timer()
                0x03809ae4                vex::timer::timer()
 .text._ZNK3vex5timer4timeENS_9timeUnitsE
                0x03809af8       0x40 C:\Program Files (x86)\VEX Robotics\VEXcode Pro V5\sdk/vexv5\libv5rt.a(vex_timer.cpp.obj)
                0x03809af8                vex::timer::time(vex::timeUnits) const
 .text._ZN3vex11motor_group18motor_group_motorsC2Ev
                0x03809b38       0x28 C:\Program Files (x86)\VEX Robotics\VEXcode Pro V5\sdk/vexv5\libv5rt.a(vex_motorgroup.cpp.obj)
                0x03809b38                vex::motor_group::motor_group_motors::motor_group_motors()
                0x03809b38                vex::motor_group::motor_group_motors::motor_group_motors()
 .text._ZN3vex11motor_group18motor_group_motorsC2ERKS1_
                0x03809b60       0x20 C:\Program Files (x86)\VEX Robotics\VEXcode Pro V5\sdk/vexv5\libv5rt.a(vex_motorgroup.cpp.obj)
                0x03809b60                vex::motor_group::motor_group_motors::motor_group_motors(vex::motor_group::motor_group_motors const&)
                0x03809b60                vex::motor_group::motor_group_motors::motor_group_motors(vex::motor_group::motor_group_motors const&)
 .text._ZN3vex11motor_groupC2Ev
                0x03809b80       0x1c C:\Program Files (x86)\VEX Robotics\VEXcode Pro V5\sdk/vexv5\libv5rt.a(vex_motorgroup.cpp.obj)
                0x03809b80                vex::motor_group::motor_group()
                0x03809b80                vex::motor_group::motor_group()
 .text._ZN3vex11motor_groupD2Ev
                0x03809b9c        0x4 C:\Program Files (x86)\VEX Robotics\VEXcode Pro V5\sdk/vexv5\libv5rt.a(vex_motorgroup.cpp.obj)
                0x03809b9c                vex::motor_group::~motor_group()
                0x03809b9c                vex::motor_group::~motor_group()
 .text._ZN3vex11motor_group9_addMotorEv
                0x03809ba0        0x4 C:\Program Files (x86)\VEX Robotics\VEXcode Pro V5\sdk/vexv5\libv5rt.a(vex_motorgroup.cpp.obj)
                0x03809ba0                vex::motor_group::_addMotor()
 .text._ZN3vex11motor_group9_addMotorERNS_5motorE
                0x03809ba4       0x20 C:\Program Files (x86)\VEX Robotics\VEXcode Pro V5\sdk/vexv5\libv5rt.a(vex_motorgroup.cpp.obj)
                0x03809ba4                vex::motor_group::_addMotor(vex::motor&)
 .text._ZN3vex11motor_group11setVelocityEdNS_13velocityUnitsE
                0x03809bc4       0x4c C:\Program Files (x86)\VEX Robotics\VEXcode Pro V5\sdk/vexv5\libv5rt.a(vex_motorgroup.cpp.obj)
                0x03809bc4                vex::motor_group::setVelocity(double, vex::velocityUnits)
 .text._ZN3vex11motor_group11setStoppingENS_9brakeTypeE
                0x03809c10       0x38 C:\Program Files (x86)\VEX Robotics\VEXcode Pro V5\sdk/vexv5\libv5rt.a(vex_motorgroup.cpp.obj)
                0x03809c10                vex::motor_group::setStopping(vex::brakeType)
 .text._ZN3vex11motor_group4spinENS_13directionTypeE
                0x03809c48       0x38 C:\Program Files (x86)\VEX Robotics\VEXcode Pro V5\sdk/vexv5\libv5rt.a(vex_motorgroup.cpp.obj)
                0x03809c48                vex::motor_group::spin(vex::directionType)
 .text._ZN3vex11motor_group4spinENS_13directionTypeEdNS_13velocityUnitsE
                0x03809c80       0x54 C:\Program Files (x86)\VEX Robotics\VEXcode Pro V5\sdk/vexv5\libv5rt.a(vex_motorgroup.cpp.obj)
                0x03809c80                vex::motor_group::spin(vex::directionType, double, vex::velocityUnits)
 .text._ZN3vex11motor_group4stopEv
                0x03809cd4       0x30 C:\Program Files (x86)\VEX Robotics\VEXcode Pro V5\sdk/vexv5\libv5rt.a(vex_motorgroup.cpp.obj)
                0x03809cd4                vex::motor_group::stop()
 .text._ZN3vex11motor_group8velocityENS_13velocityUnitsE
                0x03809d04        0xc C:\Program Files (x86)\VEX Robotics\VEXcode Pro V5\sdk/vexv5\libv5rt.a(vex_motorgroup.cpp.obj)
                0x03809d04                vex::motor_group::velocity(vex::velocityUnits)
 .text._ZN3vex11motor_group6torqueENS_11torqueUnitsE
                0x03809d10        0xc C:\Program Files (x86)\VEX Robotics\VEXcode Pro V5\sdk/vexv5\libv5rt.a(vex_motorgroup.cpp.obj)
                0x03809d10                vex::motor_group::torque(vex::torqueUnits)
 .text._ZN3vex11motor_group11temperatureENS_16temperatureUnitsE
                0x03809d1c        0xc C:\Program Files (x86)\VEX Robotics\VEXcode Pro V5\sdk/vexv5\libv5rt.a(vex_motorgroup.cpp.obj)
                0x03809d1c                vex::motor_group::temperature(vex::temperatureUnits)
 .text.vexAdiPortConfigSet
                0x03809d28       0x28 C:\Program Files (x86)\VEX Robotics\VEXcode Pro V5\sdk/vexv5\libv5rt.a(v5_apiuser.c.obj)
                0x03809d28                vexAdiPortConfigSet
 .text.vexAdiPortConfigGet
                0x03809d50       0x28 C:\Program Files (x86)\VEX Robotics\VEXcode Pro V5\sdk/vexv5\libv5rt.a(v5_apiuser.c.obj)
                0x03809d50                vexAdiPortConfigGet
 .text.vexAdiValueSet
                0x03809d78       0x28 C:\Program Files (x86)\VEX Robotics\VEXcode Pro V5\sdk/vexv5\libv5rt.a(v5_apiuser.c.obj)
                0x03809d78                vexAdiValueSet
 .text.vexAdiValueGet
                0x03809da0       0x20 C:\Program Files (x86)\VEX Robotics\VEXcode Pro V5\sdk/vexv5\libv5rt.a(v5_apiuser.c.obj)
                0x03809da0                vexAdiValueGet
 .text.vexMotorVelocitySet
                0x03809dc0       0x20 C:\Program Files (x86)\VEX Robotics\VEXcode Pro V5\sdk/vexv5\libv5rt.a(v5_apiuser.c.obj)
                0x03809dc0                vexMotorVelocitySet
 .text.vexMotorVelocityGet
                0x03809de0       0x18 C:\Program Files (x86)\VEX Robotics\VEXcode Pro V5\sdk/vexv5\libv5rt.a(v5_apiuser.c.obj)
                0x03809de0                vexMotorVelocityGet
 .text.vexMotorActualVelocityGet
                0x03809df8       0x24 C:\Program Files (x86)\VEX Robotics\VEXcode Pro V5\sdk/vexv5\libv5rt.a(v5_apiuser.c.obj)
                0x03809df8                vexMotorActualVelocityGet
 .text.vexMotorModeGet
                0x03809e1c       0x18 C:\Program Files (x86)\VEX Robotics\VEXcode Pro V5\sdk/vexv5\libv5rt.a(v5_apiuser.c.obj)
                0x03809e1c                vexMotorModeGet
 .text.vexMotorTorqueGet
                0x03809e34       0x24 C:\Program Files (x86)\VEX Robotics\VEXcode Pro V5\sdk/vexv5\libv5rt.a(v5_apiuser.c.obj)
                0x03809e34                vexMotorTorqueGet
 .text.vexMotorTemperatureGet
                0x03809e58       0x24 C:\Program Files (x86)\VEX Robotics\VEXcode Pro V5\sdk/vexv5\libv5rt.a(v5_apiuser.c.obj)
                0x03809e58                vexMotorTemperatureGet
 .text.vexMotorZeroPositionFlagGet
                0x03809e7c       0x18 C:\Program Files (x86)\VEX Robotics\VEXcode Pro V5\sdk/vexv5\libv5rt.a(v5_apiuser.c.obj)
                0x03809e7c                vexMotorZeroPositionFlagGet
 .text.vexMotorReverseFlagSet
                0x03809e94       0x20 C:\Program Files (x86)\VEX Robotics\VEXcode Pro V5\sdk/vexv5\libv5rt.a(v5_apiuser.c.obj)
                0x03809e94                vexMotorReverseFlagSet
 .text.vexMotorEncoderUnitsSet
                0x03809eb4       0x20 C:\Program Files (x86)\VEX Robotics\VEXcode Pro V5\sdk/vexv5\libv5rt.a(v5_apiuser.c.obj)
                0x03809eb4                vexMotorEncoderUnitsSet
 .text.vexMotorBrakeModeSet
                0x03809ed4       0x20 C:\Program Files (x86)\VEX Robotics\VEXcode Pro V5\sdk/vexv5\libv5rt.a(v5_apiuser.c.obj)
                0x03809ed4                vexMotorBrakeModeSet
 .text.vexMotorPositionSet
                0x03809ef4       0x28 C:\Program Files (x86)\VEX Robotics\VEXcode Pro V5\sdk/vexv5\libv5rt.a(v5_apiuser.c.obj)
                0x03809ef4                vexMotorPositionSet
 .text.vexMotorAbsoluteTargetSet
                0x03809f1c       0x30 C:\Program Files (x86)\VEX Robotics\VEXcode Pro V5\sdk/vexv5\libv5rt.a(v5_apiuser.c.obj)
                0x03809f1c                vexMotorAbsoluteTargetSet
 .text.vexMotorRelativeTargetSet
                0x03809f4c       0x30 C:\Program Files (x86)\VEX Robotics\VEXcode Pro V5\sdk/vexv5\libv5rt.a(v5_apiuser.c.obj)
                0x03809f4c                vexMotorRelativeTargetSet
 .text.vexMotorGearingSet
                0x03809f7c       0x20 C:\Program Files (x86)\VEX Robotics\VEXcode Pro V5\sdk/vexv5\libv5rt.a(v5_apiuser.c.obj)
                0x03809f7c                vexMotorGearingSet
 .text.vexMotorGearingGet
                0x03809f9c       0x18 C:\Program Files (x86)\VEX Robotics\VEXcode Pro V5\sdk/vexv5\libv5rt.a(v5_apiuser.c.obj)
                0x03809f9c                vexMotorGearingGet
 .text.vexImuReset
                0x03809fb4       0x10 C:\Program Files (x86)\VEX Robotics\VEXcode Pro V5\sdk/vexv5\libv5rt.a(v5_apiuser.c.obj)
                0x03809fb4                vexImuReset
 .text.vexImuHeadingGet
                0x03809fc4       0x10 C:\Program Files (x86)\VEX Robotics\VEXcode Pro V5\sdk/vexv5\libv5rt.a(v5_apiuser.c.obj)
                0x03809fc4                vexImuHeadingGet
 .text.vexImuDegreesGet
                0x03809fd4       0x10 C:\Program Files (x86)\VEX Robotics\VEXcode Pro V5\sdk/vexv5\libv5rt.a(v5_apiuser.c.obj)
                0x03809fd4                vexImuDegreesGet
 .text.vexImuStatusGet
                0x03809fe4       0x10 C:\Program Files (x86)\VEX Robotics\VEXcode Pro V5\sdk/vexv5\libv5rt.a(v5_apiuser.c.obj)
                0x03809fe4                vexImuStatusGet
 .text.vexEventMaskSet
                0x03809ff4       0x28 C:\Program Files (x86)\VEX Robotics\VEXcode Pro V5\sdk/vexv5\libv5rt.a(v5_apiuser.c.obj)
                0x03809ff4                vexEventMaskSet
 .text.vexEventMaskGet
                0x0380a01c       0x18 C:\Program Files (x86)\VEX Robotics\VEXcode Pro V5\sdk/vexv5\libv5rt.a(v5_apiuser.c.obj)
                0x0380a01c                vexEventMaskGet
 .text._ZN3vex6deviceD2Ev
                0x0380a034        0x4 C:\Program Files (x86)\VEX Robotics\VEXcode Pro V5\sdk/vexv5\libv5rt.a(vex_device.cpp.obj)
                0x0380a034                vex::device::~device()
                0x0380a034                vex::device::~device()
 .text._ZN3vex6device5valueEv
                0x0380a038        0x8 C:\Program Files (x86)\VEX Robotics\VEXcode Pro V5\sdk/vexv5\libv5rt.a(vex_device.cpp.obj)
                0x0380a038                vex::device::value()
 .text._ZN3vex6deviceD0Ev
                0x0380a040       0x14 C:\Program Files (x86)\VEX Robotics\VEXcode Pro V5\sdk/vexv5\libv5rt.a(vex_device.cpp.obj)
                0x0380a040                vex::device::~device()
 .text._ZN3vex6device4initEl
                0x0380a054       0x30 C:\Program Files (x86)\VEX Robotics\VEXcode Pro V5\sdk/vexv5\libv5rt.a(vex_device.cpp.obj)
                0x0380a054                vex::device::init(long)
 .text._ZN3vex6deviceC2El
                0x0380a084       0x20 C:\Program Files (x86)\VEX Robotics\VEXcode Pro V5\sdk/vexv5\libv5rt.a(vex_device.cpp.obj)
                0x0380a084                vex::device::device(long)
                0x0380a084                vex::device::device(long)
 .text._ZN3vex6device4typeEv
                0x0380a0a4       0x10 C:\Program Files (x86)\VEX Robotics\VEXcode Pro V5\sdk/vexv5\libv5rt.a(vex_device.cpp.obj)
                0x0380a0a4                vex::device::type()
 .text._ZN3vex6device9installedEv
                0x0380a0b4       0x14 C:\Program Files (x86)\VEX Robotics\VEXcode Pro V5\sdk/vexv5\libv5rt.a(vex_device.cpp.obj)
                0x0380a0b4                vex::device::installed()
 .text._ZN10__cxxabiv120__si_class_type_infoD2Ev
                0x0380a0c8       0x14 C:\Program Files (x86)\VEX Robotics\VEXcode Pro V5\sdk/vexv5/gcc/libs\libstdc++.a(si_class_type_info.o)
                0x0380a0c8                __cxxabiv1::__si_class_type_info::~__si_class_type_info()
                0x0380a0c8                __cxxabiv1::__si_class_type_info::~__si_class_type_info()
 .text._ZN10__cxxabiv120__si_class_type_infoD0Ev
                0x0380a0dc       0x1c C:\Program Files (x86)\VEX Robotics\VEXcode Pro V5\sdk/vexv5/gcc/libs\libstdc++.a(si_class_type_info.o)
                0x0380a0dc                __cxxabiv1::__si_class_type_info::~__si_class_type_info()
 .text._ZNK10__cxxabiv120__si_class_type_info20__do_find_public_srcEiPKvPKNS_17__class_type_infoES2_
                0x0380a0f8       0x3c C:\Program Files (x86)\VEX Robotics\VEXcode Pro V5\sdk/vexv5/gcc/libs\libstdc++.a(si_class_type_info.o)
                0x0380a0f8                __cxxabiv1::__si_class_type_info::__do_find_public_src(int, void const*, __cxxabiv1::__class_type_info const*, void const*) const
 .text._ZNK10__cxxabiv120__si_class_type_info12__do_dyncastEiNS_17__class_type_info10__sub_kindEPKS1_PKvS4_S6_RNS1_16__dyncast_resultE
                0x0380a134       0x8c C:\Program Files (x86)\VEX Robotics\VEXcode Pro V5\sdk/vexv5/gcc/libs\libstdc++.a(si_class_type_info.o)
                0x0380a134                __cxxabiv1::__si_class_type_info::__do_dyncast(int, __cxxabiv1::__class_type_info::__sub_kind, __cxxabiv1::__class_type_info const*, void const*, __cxxabiv1::__class_type_info const*, void const*, __cxxabiv1::__class_type_info::__dyncast_result&) const
 .text._ZNK10__cxxabiv120__si_class_type_info11__do_upcastEPKNS_17__class_type_infoEPKvRNS1_15__upcast_resultE
                0x0380a1c0       0x2c C:\Program Files (x86)\VEX Robotics\VEXcode Pro V5\sdk/vexv5/gcc/libs\libstdc++.a(si_class_type_info.o)
                0x0380a1c0                __cxxabiv1::__si_class_type_info::__do_upcast(__cxxabiv1::__class_type_info const*, void const*, __cxxabiv1::__class_type_info::__upcast_result&) const
 .text._ZNSt8ios_base17_M_call_callbacksENS_5eventE
                0x0380a1ec       0x34 C:\Program Files (x86)\VEX Robotics\VEXcode Pro V5\sdk/vexv5/gcc/libs\libstdc++.a(ios.o)
                0x0380a1ec                std::ios_base::_M_call_callbacks(std::ios_base::event)
 .text._ZNSt8ios_base20_M_dispose_callbacksEv
                0x0380a220       0x2c C:\Program Files (x86)\VEX Robotics\VEXcode Pro V5\sdk/vexv5/gcc/libs\libstdc++.a(ios.o)
                0x0380a220                std::ios_base::_M_dispose_callbacks()
 .text._ZNSt8ios_baseD2Ev
                0x0380a24c       0x38 C:\Program Files (x86)\VEX Robotics\VEXcode Pro V5\sdk/vexv5/gcc/libs\libstdc++.a(ios.o)
                0x0380a24c                std::ios_base::~ios_base()
                0x0380a24c                std::ios_base::~ios_base()
 .text._ZNSt8ios_baseD0Ev
                0x0380a284       0x14 C:\Program Files (x86)\VEX Robotics\VEXcode Pro V5\sdk/vexv5/gcc/libs\libstdc++.a(ios.o)
                0x0380a284                std::ios_base::~ios_base()
 .text._ZNK10__cxxabiv117__class_type_info11__do_upcastEPKS0_PPv
                0x0380a298       0x38 C:\Program Files (x86)\VEX Robotics\VEXcode Pro V5\sdk/vexv5/gcc/libs\libstdc++.a(class_type_info.o)
                0x0380a298                __cxxabiv1::__class_type_info::__do_upcast(__cxxabiv1::__class_type_info const*, void**) const
 .text._ZNK10__cxxabiv117__class_type_info20__do_find_public_srcEiPKvPKS0_S2_
                0x0380a2d0        0xc C:\Program Files (x86)\VEX Robotics\VEXcode Pro V5\sdk/vexv5/gcc/libs\libstdc++.a(class_type_info.o)
                0x0380a2d0                __cxxabiv1::__class_type_info::__do_find_public_src(int, void const*, __cxxabiv1::__class_type_info const*, void const*) const
 .text._ZN10__cxxabiv117__class_type_infoD2Ev
                0x0380a2dc       0x14 C:\Program Files (x86)\VEX Robotics\VEXcode Pro V5\sdk/vexv5/gcc/libs\libstdc++.a(class_type_info.o)
                0x0380a2dc                __cxxabiv1::__class_type_info::~__class_type_info()
                0x0380a2dc                __cxxabiv1::__class_type_info::~__class_type_info()
 .text._ZN10__cxxabiv117__class_type_infoD0Ev
                0x0380a2f0       0x1c C:\Program Files (x86)\VEX Robotics\VEXcode Pro V5\sdk/vexv5/gcc/libs\libstdc++.a(class_type_info.o)
                0x0380a2f0                __cxxabiv1::__class_type_info::~__class_type_info()
 .text._ZNK10__cxxabiv117__class_type_info11__do_upcastEPKS0_PKvRNS0_15__upcast_resultE
                0x0380a30c       0x18 C:\Program Files (x86)\VEX Robotics\VEXcode Pro V5\sdk/vexv5/gcc/libs\libstdc++.a(class_type_info.o)
                0x0380a30c                __cxxabiv1::__class_type_info::__do_upcast(__cxxabiv1::__class_type_info const*, void const*, __cxxabiv1::__class_type_info::__upcast_result&) const
 .text._ZNK10__cxxabiv117__class_type_info10__do_catchEPKSt9type_infoPPvj
                0x0380a324       0x2c C:\Program Files (x86)\VEX Robotics\VEXcode Pro V5\sdk/vexv5/gcc/libs\libstdc++.a(class_type_info.o)
                0x0380a324                __cxxabiv1::__class_type_info::__do_catch(std::type_info const*, void**, unsigned int) const
 .text._ZNK10__cxxabiv117__class_type_info12__do_dyncastEiNS0_10__sub_kindEPKS0_PKvS3_S5_RNS0_16__dyncast_resultE
                0x0380a350       0x40 C:\Program Files (x86)\VEX Robotics\VEXcode Pro V5\sdk/vexv5/gcc/libs\libstdc++.a(class_type_info.o)
                0x0380a350                __cxxabiv1::__class_type_info::__do_dyncast(int, __cxxabiv1::__class_type_info::__sub_kind, __cxxabiv1::__class_type_info const*, void const*, __cxxabiv1::__class_type_info const*, void const*, __cxxabiv1::__class_type_info::__dyncast_result&) const
 .text._ZNSt9type_infoD2Ev
                0x0380a390        0x4 C:\Program Files (x86)\VEX Robotics\VEXcode Pro V5\sdk/vexv5/gcc/libs\libstdc++.a(tinfo.o)
                0x0380a390                std::type_info::~type_info()
                0x0380a390                std::type_info::~type_info()
 .text._ZNKSt9type_info14__is_pointer_pEv
                0x0380a394        0x4 C:\Program Files (x86)\VEX Robotics\VEXcode Pro V5\sdk/vexv5/gcc/libs\libstdc++.a(tinfo.o)
                0x0380a394                std::type_info::__is_pointer_p() const
 .text._ZNKSt9type_info15__is_function_pEv
                0x0380a398        0x4 C:\Program Files (x86)\VEX Robotics\VEXcode Pro V5\sdk/vexv5/gcc/libs\libstdc++.a(tinfo.o)
                0x0380a398                std::type_info::__is_function_p() const
 .text._ZNKSt9type_infoeqERKS_
                0x0380a39c       0x2c C:\Program Files (x86)\VEX Robotics\VEXcode Pro V5\sdk/vexv5/gcc/libs\libstdc++.a(tinfo.o)
                0x0380a39c                std::type_info::operator==(std::type_info const&) const
 .text._ZN10__cxxabiv121__vmi_class_type_infoD2Ev
                0x0380a3c8       0x14 C:\Program Files (x86)\VEX Robotics\VEXcode Pro V5\sdk/vexv5/gcc/libs\libstdc++.a(vmi_class_type_info.o)
                0x0380a3c8                __cxxabiv1::__vmi_class_type_info::~__vmi_class_type_info()
                0x0380a3c8                __cxxabiv1::__vmi_class_type_info::~__vmi_class_type_info()
 .text._ZN10__cxxabiv121__vmi_class_type_infoD0Ev
                0x0380a3dc       0x1c C:\Program Files (x86)\VEX Robotics\VEXcode Pro V5\sdk/vexv5/gcc/libs\libstdc++.a(vmi_class_type_info.o)
                0x0380a3dc                __cxxabiv1::__vmi_class_type_info::~__vmi_class_type_info()
 .text._ZNK10__cxxabiv121__vmi_class_type_info20__do_find_public_srcEiPKvPKNS_17__class_type_infoES2_
                0x0380a3f8       0x8c C:\Program Files (x86)\VEX Robotics\VEXcode Pro V5\sdk/vexv5/gcc/libs\libstdc++.a(vmi_class_type_info.o)
                0x0380a3f8                __cxxabiv1::__vmi_class_type_info::__do_find_public_src(int, void const*, __cxxabiv1::__class_type_info const*, void const*) const
 .text._ZNK10__cxxabiv121__vmi_class_type_info12__do_dyncastEiNS_17__class_type_info10__sub_kindEPKS1_PKvS4_S6_RNS1_16__dyncast_resultE
                0x0380a484      0x380 C:\Program Files (x86)\VEX Robotics\VEXcode Pro V5\sdk/vexv5/gcc/libs\libstdc++.a(vmi_class_type_info.o)
                0x0380a484                __cxxabiv1::__vmi_class_type_info::__do_dyncast(int, __cxxabiv1::__class_type_info::__sub_kind, __cxxabiv1::__class_type_info const*, void const*, __cxxabiv1::__class_type_info const*, void const*, __cxxabiv1::__class_type_info::__dyncast_result&) const
 .text._ZNK10__cxxabiv121__vmi_class_type_info11__do_upcastEPKNS_17__class_type_infoEPKvRNS1_15__upcast_resultE
                0x0380a804      0x164 C:\Program Files (x86)\VEX Robotics\VEXcode Pro V5\sdk/vexv5/gcc/libs\libstdc++.a(vmi_class_type_info.o)